BL51 BANKED LINKER/LOCATER V6.22                                                        02/08/2010  21:50:55  PAGE 1


BL51 BANKED LINKER/LOCATER V6.22, INVOKED BY:
C:\KEIL\C51\BIN\BL51.EXE wizmemcpy.obj, delay.obj, main.obj, serial.obj, socket.obj, sockutil.obj, TCPIPCore.obj, STARTU
>> P.obj, lcd.obj, ataoe.obj TO BudgetNAS RAMSIZE (256)


MEMORY MODEL: LARGE


INPUT MODULES INCLUDED:
  wizmemcpy.obj (WIZMEMCPY)
  delay.obj (DELAY)
  main.obj (MAIN)
  serial.obj (SERIAL)
  socket.obj (SOCKET)
  sockutil.obj (SOCKUTIL)
  TCPIPCore.obj (TCPIPCORE)
  STARTUP.obj (?C_STARTUP)
  lcd.obj (LCD)
  ataoe.obj (ATAOE)
  C:\KEIL\C51\LIB\C51L.LIB (?C_INIT)
  C:\KEIL\C51\LIB\C51L.LIB (?C?COPY)
  C:\KEIL\C51\LIB\C51L.LIB (?C?CLDPTR)
  C:\KEIL\C51\LIB\C51L.LIB (?C?CLDOPTR)
  C:\KEIL\C51\LIB\C51L.LIB (?C?CSTPTR)
  C:\KEIL\C51\LIB\C51L.LIB (?C?CSTOPTR)
  C:\KEIL\C51\LIB\C51L.LIB (?C?IILDX)
  C:\KEIL\C51\LIB\C51L.LIB (?C?ILDIX)
  C:\KEIL\C51\LIB\C51L.LIB (?C?ILDPTR)
  C:\KEIL\C51\LIB\C51L.LIB (?C?ILDOPTR)
  C:\KEIL\C51\LIB\C51L.LIB (?C?ISTPTR)
  C:\KEIL\C51\LIB\C51L.LIB (?C?LNOT)
  C:\KEIL\C51\LIB\C51L.LIB (?C?ULSHR)
  C:\KEIL\C51\LIB\C51L.LIB (?C?LLDOPTR)
  C:\KEIL\C51\LIB\C51L.LIB (?C?LSTXDATA)
  C:\KEIL\C51\LIB\C51L.LIB (?C?LSTKXDATA)
  C:\KEIL\C51\LIB\C51L.LIB (PRINTF)
  C:\KEIL\C51\LIB\C51L.LIB (?C?LLDIDATA)
  C:\KEIL\C51\LIB\C51L.LIB (?C?LLDXDATA)
  C:\KEIL\C51\LIB\C51L.LIB (?C?LLDPDATA)
  C:\KEIL\C51\LIB\C51L.LIB (?C?LLDCODE)
  C:\KEIL\C51\LIB\C51L.LIB (?C?PLDIXDATA)
  C:\KEIL\C51\LIB\C51L.LIB (?C?PSTXDATA)
  C:\KEIL\C51\LIB\C51L.LIB (?C?CCASE)


LINK MAP OF MODULE:  BudgetNAS (WIZMEMCPY)


            TYPE    BASE      LENGTH    RELOCATION   SEGMENT NAME
            -----------------------------------------------------

            * * * * * * *   D A T A   M E M O R Y   * * * * * * *
            REG     0000H     0008H     ABSOLUTE     "REG BANK 0"
            DATA    0008H     0010H     UNIT         _DATA_GROUP_
                    0018H     0008H                  *** GAP ***
            BIT     0020H.0   0002H.2   UNIT         _BIT_GROUP_
                    0022H.2   0000H.6                *** GAP ***
            IDATA   0023H     0001H     UNIT         ?STACK
BL51 BANKED LINKER/LOCATER V6.22                                                      02/08/2010  21:50:55  PAGE 2



            * * * * * * *  X D A T A   M E M O R Y  * * * * * * *
            XDATA   0000H     008BH     UNIT         ?XD?ATAOE
            XDATA   008BH     007AH     UNIT         ?XD?MAIN
            XDATA   0105H     0073H     UNIT         _XDATA_GROUP_
            XDATA   0178H     006AH     UNIT         ?XD?SOCKET
            XDATA   01E2H     0068H     UNIT         ?XD?TCPIPCORE
            XDATA   024AH     0011H     UNIT         ?XD?_CHECKSUM?SOCKUTIL
            XDATA   025BH     000CH     UNIT         ?XD?_SEND?SOCKET
            XDATA   0267H     000AH     UNIT         ?XD?_RECV?SOCKET
            XDATA   0271H     0007H     UNIT         ?XD?_CONNECT?SOCKET
            XDATA   0278H     0004H     UNIT         ?XD?_WAIT_10MS?DELAY
            XDATA   027CH     0003H     UNIT         ?XD?_GETSN_TX_FSR?TCPIPCORE
            XDATA   027FH     0003H     UNIT         ?XD?_DUMPATAISSUE?ATAOE
            XDATA   0282H     0002H     UNIT         ?XD?_LISTEN?SOCKET
            XDATA   0284H     0001H     UNIT         ?XD?_DISCONNECT?SOCKET
            XDATA   0285H     0001H     UNIT         ?XD?DUMPREGS?ATAOE
                    0286H     6D7AH                  *** GAP ***
            XDATA   7000H     0424H     ABSOLUTE     

            * * * * * * *   C O D E   M E M O R Y   * * * * * * *
            CODE    0000H     0003H     ABSOLUTE     
            CODE    0003H     004DH     UNIT         ?PR?_GETSN_TX_FSR?TCPIPCORE
            CODE    0050H     000AH     UNIT         ?PR?INIT_ATA_HARDWARE?ATAOE
            CODE    005AH     0001H     UNIT         ?PR?_HTONS?SOCKUTIL
            CODE    005BH     0003H     ABSOLUTE     
            CODE    005EH     03A4H     UNIT         ?PR?_ATAHANDLER?ATAOE
            CODE    0402H     0365H     UNIT         ?PR?PRINTF?PRINTF
            CODE    0767H     0338H     UNIT         ?PR?INIT_NETWORK?MAIN
            CODE    0A9FH     0337H     UNIT         ?PR?_SET_MEMSIZE?TCPIPCORE
            CODE    0DD6H     0325H     UNIT         ?C?LIB_CODE
            CODE    10FBH     030BH     UNIT         ?PR?_RECVFROM?SOCKET
            CODE    1406H     0277H     UNIT         ?PR?_SENDTO?SOCKET
            CODE    167DH     01CEH     UNIT         ?PR?_SEND?SOCKET
            CODE    184BH     018BH     UNIT         ?PR?_IINCHIP_WRITE_BUF?TCPIPCORE
            CODE    19D6H     017BH     UNIT         ?PR?_IINCHIP_READ_BUF?TCPIPCORE
            CODE    1B51H     0176H     UNIT         ?PR?_CHECKSUM?SOCKUTIL
            CODE    1CC7H     0155H     UNIT         ?PR?_CONNECT?SOCKET
            CODE    1E1CH     0155H     UNIT         ?PR?IINCHIP_IRQ?TCPIPCORE
            CODE    1F71H     014CH     UNIT         ?CO?MAIN
            CODE    20BDH     014CH     UNIT         ?PR?_DUMPATAHDR?ATAOE
            CODE    2209H     012AH     UNIT         ?CO?ATAOE
            CODE    2333H     0128H     UNIT         ?PR?_RECV?SOCKET
            CODE    245BH     0120H     UNIT         ?PR?_SENDCONFIGACK?ATAOE
            CODE    257BH     0114H     UNIT         ?PR?_ATAOE?ATAOE
            CODE    268FH     0101H     UNIT         ?PR?_SOCKET?SOCKET
            CODE    2790H     00F7H     UNIT         ?PR?_DUMPATACONFIG?ATAOE
            CODE    2887H     00C5H     UNIT         ?PR?_DUMPATAISSUE?ATAOE
            CODE    294CH     008FH     UNIT         ?C_C51STARTUP
            CODE    29DBH     0085H     UNIT         ?PR?_WRITEREG8?ATAOE
            CODE    2A60H     007CH     UNIT         ?PR?_READREG8?ATAOE
            CODE    2ADCH     0079H     UNIT         ?PR?_WIZMEMCPY?WIZMEMCPY
            CODE    2B55H     005EH     UNIT         ?CO?TCPIPCORE
            CODE    2BB3H     004DH     UNIT         ?PR?_GETSN_RX_RSR?TCPIPCORE
            CODE    2C00H     0045H     UNIT         ?PR?_LISTEN?SOCKET
            CODE    2C45H     003FH     UNIT         ?PR?INIT_IMCU?MAIN
            CODE    2C84H     003EH     UNIT         ?PR?DUMPREGS?ATAOE
BL51 BANKED LINKER/LOCATER V6.22                                                      02/08/2010  21:50:55  PAGE 3


            CODE    2CC2H     003DH     UNIT         ?PR?_WAIT_1US?DELAY
            CODE    2CFFH     003DH     UNIT         ?PR?_LCD_PUTS?LCD
            CODE    2D3CH     003AH     UNIT         ?PR?_WAIT_1MS?DELAY
            CODE    2D76H     003AH     UNIT         ?PR?_WAIT_10MS?DELAY
            CODE    2DB0H     0036H     UNIT         ?PR?MAIN?MAIN
            CODE    2DE6H     0036H     UNIT         ?PR?_LCD_GOTOXY?LCD
            CODE    2E1CH     0033H     UNIT         ?PR?WAITBUSY?ATAOE
            CODE    2E4FH     0030H     UNIT         ?PR?_CLOSE?SOCKET
            CODE    2E7FH     0030H     UNIT         ?PR?_IINCHIP_WRITE?TCPIPCORE
            CODE    2EAFH     002BH     UNIT         ?PR?LCD_READY?LCD
            CODE    2EDAH     0027H     UNIT         ?PR?_DISCONNECT?SOCKET
            CODE    2F01H     0023H     UNIT         ?C_INITSEG
            CODE    2F24H     0023H     UNIT         ?PR?LCD_INIT?LCD
            CODE    2F47H     0020H     UNIT         ?PR?_IINCHIP_READ?TCPIPCORE
            CODE    2F67H     0020H     UNIT         ?PR?_EVB_SET_LCD_TEXT?LCD
            CODE    2F87H     001FH     UNIT         ?PR?_SETSN_IR?TCPIPCORE
            CODE    2FA6H     0019H     UNIT         ?PR?_LCD_COMMAND?LCD
            CODE    2FBFH     0019H     UNIT         ?PR?_LCD_DATAS?LCD
            CODE    2FD8H     0017H     UNIT         ?PR?INITSERIAL?SERIAL
            CODE    2FEFH     0015H     UNIT         ?PR?_GETSN_SR?TCPIPCORE
            CODE    3004H     0014H     UNIT         ?PR?RESETBUS?ATAOE
            CODE    3018H     000DH     UNIT         ?PR?_GETSN_IR?TCPIPCORE
            CODE    3025H     000AH     UNIT         ?PR?INIT_ATA?ATAOE
            CODE    302FH     0008H     UNIT         ?PR?_PUTCHAR?SERIAL
            CODE    3037H     0003H     UNIT         ?PR?_DUMPATAMACMASK?ATAOE
            CODE    303AH     0003H     UNIT         ?PR?_DUMPATARESERVERELEASE?ATAOE



OVERLAY MAP OF MODULE:   BudgetNAS (WIZMEMCPY)


SEGMENT                                     BIT_GROUP          DATA_GROUP          XDATA_GROUP
  +--> CALLED SEGMENT                    START    LENGTH     START    LENGTH     START    LENGTH
------------------------------------------------------------------------------------------------
?PR?IINCHIP_IRQ?TCPIPCORE                -----    -----      -----    -----      0105H    0002H
  +--> ?PR?_IINCHIP_READ?TCPIPCORE
  +--> ?CO?TCPIPCORE
  +--> ?PR?PRINTF?PRINTF
  +--> ?PR?_IINCHIP_WRITE?TCPIPCORE

?PR?PRINTF?PRINTF                        0021H.1  0001H.1    000DH    0005H      0150H    0028H
  +--> ?PR?_PUTCHAR?SERIAL

*** NEW ROOT ***************************************************

?C_C51STARTUP                            -----    -----      -----    -----      -----    -----
  +--> ?PR?MAIN?MAIN
  +--> ?C_INITSEG

?PR?MAIN?MAIN                            -----    -----      -----    -----      -----    -----
  +--> ?PR?INIT_ATA_HARDWARE?ATAOE
  +--> ?PR?INIT_IMCU?MAIN
  +--> ?PR?LCD_INIT?LCD
  +--> ?CO?MAIN
  +--> ?PR?_EVB_SET_LCD_TEXT?LCD
  +--> ?PR?INIT_NETWORK?MAIN
BL51 BANKED LINKER/LOCATER V6.22                                                      02/08/2010  21:50:55  PAGE 4


  +--> ?PR?PRINTF?PRINTF
  +--> ?PR?_ATAOE?ATAOE

?PR?INIT_IMCU?MAIN                       -----    -----      -----    -----      012FH    0001H
  +--> ?PR?_IINCHIP_WRITE?TCPIPCORE
  +--> ?PR?INITSERIAL?SERIAL

?PR?LCD_INIT?LCD                         -----    -----      -----    -----      -----    -----
  +--> ?PR?_LCD_COMMAND?LCD
  +--> ?PR?LCD_READY?LCD

?PR?_LCD_COMMAND?LCD                     -----    -----      -----    -----      -----    -----
  +--> ?PR?_WAIT_1US?DELAY
  +--> ?PR?_WAIT_1MS?DELAY

?PR?_WAIT_1US?DELAY                      -----    -----      -----    -----      015BH    0004H

?PR?_WAIT_1MS?DELAY                      -----    -----      -----    -----      0157H    0004H
  +--> ?PR?_WAIT_1US?DELAY

?PR?LCD_READY?LCD                        -----    -----      -----    -----      012FH    0002H

?PR?_EVB_SET_LCD_TEXT?LCD                -----    -----      -----    -----      0150H    0003H
  +--> ?PR?_LCD_GOTOXY?LCD
  +--> ?PR?_LCD_PUTS?LCD

?PR?_LCD_GOTOXY?LCD                      -----    -----      -----    -----      0153H    0001H
  +--> ?PR?_LCD_COMMAND?LCD

?PR?_LCD_PUTS?LCD                        -----    -----      -----    -----      0153H    0004H
  +--> ?PR?_LCD_DATAS?LCD

?PR?_LCD_DATAS?LCD                       -----    -----      -----    -----      -----    -----
  +--> ?PR?_WAIT_1US?DELAY
  +--> ?PR?_WAIT_1MS?DELAY

?PR?INIT_NETWORK?MAIN                    -----    -----      -----    -----      012FH    0021H
  +--> ?CO?MAIN
  +--> ?PR?_IINCHIP_WRITE?TCPIPCORE
  +--> ?PR?_SET_MEMSIZE?TCPIPCORE
  +--> ?PR?PRINTF?PRINTF
  +--> ?PR?_IINCHIP_READ?TCPIPCORE
  +--> ?PR?_EVB_SET_LCD_TEXT?LCD

?PR?_SET_MEMSIZE?TCPIPCORE               -----    -----      -----    -----      0150H    000CH
  +--> ?PR?_IINCHIP_WRITE?TCPIPCORE

?PR?_ATAOE?ATAOE                         -----    -----      -----    -----      012FH    000EH
  +--> ?PR?INIT_ATA?ATAOE
  +--> ?PR?_GETSN_SR?TCPIPCORE
  +--> ?PR?_CLOSE?SOCKET
  +--> ?PR?_SOCKET?SOCKET
  +--> ?PR?_GETSN_RX_RSR?TCPIPCORE
  +--> ?PR?_RECVFROM?SOCKET
  +--> ?PR?_ATAHANDLER?ATAOE
  +--> ?PR?_SENDCONFIGACK?ATAOE
  +--> ?PR?_DUMPATAMACMASK?ATAOE
BL51 BANKED LINKER/LOCATER V6.22                                                      02/08/2010  21:50:55  PAGE 5


  +--> ?PR?_DUMPATARESERVERELEASE?ATAOE

?PR?INIT_ATA?ATAOE                       -----    -----      -----    -----      -----    -----
  +--> ?PR?INIT_ATA_HARDWARE?ATAOE
  +--> ?PR?RESETBUS?ATAOE
  +--> ?PR?WAITBUSY?ATAOE

?PR?RESETBUS?ATAOE                       -----    -----      -----    -----      -----    -----
  +--> ?PR?_WAIT_1US?DELAY
  +--> ?PR?_WAIT_1MS?DELAY

?PR?WAITBUSY?ATAOE                       -----    -----      -----    -----      0152H    0003H
  +--> ?PR?_READREG8?ATAOE

?PR?_READREG8?ATAOE                      -----    -----      -----    -----      0155H    0001H
  +--> ?PR?_WAIT_1US?DELAY

?PR?_GETSN_SR?TCPIPCORE                  -----    -----      -----    -----      -----    -----
  +--> ?PR?_IINCHIP_READ?TCPIPCORE

?PR?_CLOSE?SOCKET                        -----    -----      -----    -----      0143H    0001H
  +--> ?PR?_IINCHIP_WRITE?TCPIPCORE
  +--> ?PR?_IINCHIP_READ?TCPIPCORE
  +--> ?PR?_SETSN_IR?TCPIPCORE

?PR?_SOCKET?SOCKET                       -----    -----      -----    -----      013DH    0006H
  +--> ?PR?_CLOSE?SOCKET
  +--> ?PR?_IINCHIP_WRITE?TCPIPCORE
  +--> ?PR?_IINCHIP_READ?TCPIPCORE

?PR?_GETSN_RX_RSR?TCPIPCORE              -----    -----      -----    -----      013DH    0003H
  +--> ?PR?_IINCHIP_READ?TCPIPCORE

?PR?_RECVFROM?SOCKET                     -----    -----      -----    -----      013DH    0018H
  +--> ?PR?_IINCHIP_READ?TCPIPCORE
  +--> ?PR?_IINCHIP_READ_BUF?TCPIPCORE
  +--> ?PR?_IINCHIP_WRITE?TCPIPCORE

?PR?_IINCHIP_READ_BUF?TCPIPCORE          -----    -----      -----    -----      0155H    000FH
  +--> ?PR?_WIZMEMCPY?WIZMEMCPY

?PR?_WIZMEMCPY?WIZMEMCPY                 -----    -----      000DH    000BH      -----    -----

?PR?_ATAHANDLER?ATAOE                    -----    -----      -----    -----      013DH    0015H
  +--> ?PR?WAITBUSY?ATAOE
  +--> ?PR?_WRITEREG8?ATAOE
  +--> ?PR?_WAIT_1US?DELAY
  +--> ?PR?_READREG8?ATAOE
  +--> ?PR?_SENDTO?SOCKET

?PR?_WRITEREG8?ATAOE                     -----    -----      -----    -----      0152H    0002H
  +--> ?PR?_WAIT_1US?DELAY

?PR?_SENDTO?SOCKET                       -----    -----      -----    -----      0152H    000FH
  +--> ?PR?_IINCHIP_WRITE?TCPIPCORE
  +--> ?PR?_IINCHIP_READ?TCPIPCORE
  +--> ?PR?_IINCHIP_WRITE_BUF?TCPIPCORE
BL51 BANKED LINKER/LOCATER V6.22                                                      02/08/2010  21:50:55  PAGE 6


  +--> ?PR?_GETSN_IR?TCPIPCORE
  +--> ?PR?_SETSN_IR?TCPIPCORE

?PR?_IINCHIP_WRITE_BUF?TCPIPCORE         -----    -----      -----    -----      0161H    000FH
  +--> ?PR?_WIZMEMCPY?WIZMEMCPY

?PR?_SENDCONFIGACK?ATAOE                 -----    -----      -----    -----      013DH    000CH
  +--> ?PR?_DUMPATACONFIG?ATAOE
  +--> ?PR?_HTONS?SOCKUTIL
  +--> ?PR?_SENDTO?SOCKET

?PR?_DUMPATACONFIG?ATAOE                 -----    -----      -----    -----      0149H    0003H
  +--> ?PR?_DUMPATAHDR?ATAOE
  +--> ?PR?_HTONS?SOCKUTIL
  +--> ?CO?ATAOE
  +--> ?PR?PRINTF?PRINTF

?PR?_DUMPATAHDR?ATAOE                    -----    -----      -----    -----      014CH    0003H
  +--> ?CO?ATAOE
  +--> ?PR?PRINTF?PRINTF
  +--> ?PR?_HTONS?SOCKUTIL

?PR?_DUMPATAMACMASK?ATAOE                -----    -----      -----    -----      -----    -----
  +--> ?PR?_DUMPATAHDR?ATAOE

?PR?_DUMPATARESERVERELEASE?ATAOE         -----    -----      -----    -----      -----    -----
  +--> ?PR?_DUMPATAHDR?ATAOE



SYMBOL TABLE OF MODULE:  BudgetNAS (WIZMEMCPY)

  VALUE           TYPE          NAME
  ----------------------------------

  -------         MODULE        WIZMEMCPY
  C:0000H         SYMBOL        _ICE_DUMMY_
  D:00FFH         PUBLIC        WCONF
  D:0080H         PUBLIC        P0
  D:0090H         PUBLIC        P1
  D:00A0H         PUBLIC        P2
  D:00B0H         PUBLIC        P3
  B:00A8H.7       PUBLIC        EA
  D:0083H         PUBLIC        DPH0
  D:00A8H         PUBLIC        IE
  D:0085H         PUBLIC        DPH1
  D:0082H         PUBLIC        DPL0
  D:0084H         PUBLIC        DPL1
  D:00B8H         PUBLIC        IP
  D:0093H         PUBLIC        DPX0
  D:0095H         PUBLIC        DPX1
  D:00F6H         PUBLIC        DPX0BK
  D:00F7H         PUBLIC        DPX1BK
  D:0098H         PUBLIC        SCON
  D:0088H         PUBLIC        TCON
  D:00F0H         PUBLIC        B
  D:00E0H         PUBLIC        ACC
BL51 BANKED LINKER/LOCATER V6.22                                                      02/08/2010  21:50:55  PAGE 7


  D:00FCH         PUBLIC        RAMEA16
  D:00E8H         PUBLIC        EIE
  D:0083H         PUBLIC        DPH
  D:00F8H         PUBLIC        EIP
  D:0082H         PUBLIC        DPL
  D:00C8H         PUBLIC        T2CON
  C:2ADCH         PUBLIC        _wizmemcpy
  D:00D0H         PUBLIC        PSW
  D:00D8H         PUBLIC        WDCON
  -------         PROC          _WIZMEMCPY
  D:000DH         SYMBOL        fsrc
  D:0011H         SYMBOL        fdst
  D:0015H         SYMBOL        len
  -------         DO            
  D:0017H         SYMBOL        eaback
  -------         ENDDO         
  C:2ADCH         LINE#         5
  C:2AE4H         LINE#         7
  C:2AEAH         LINE#         9
  C:2AEDH         LINE#         10
  C:2AF0H         LINE#         12
  C:2AFFH         LINE#         13
  C:2B0EH         LINE#         14
  C:2B11H         LINE#         16
  C:2B20H         LINE#         17
  C:2B2FH         LINE#         18
  C:2B32H         LINE#         20
  C:2B38H         LINE#         22
  C:2B3AH         LINE#         23
  C:2B3DH         LINE#         24
  C:2B40H         LINE#         25
  C:2B43H         LINE#         26
  C:2B46H         LINE#         28
  C:2B49H         LINE#         29
  C:2B4BH         LINE#         30
  C:2B4EH         LINE#         32
  C:2B54H         LINE#         33
  -------         ENDPROC       _WIZMEMCPY
  -------         ENDMOD        WIZMEMCPY

  -------         MODULE        DELAY
  C:2CC2H         SEGMENT       ?PR?_WAIT_1US?DELAY
  X:015BH         SEGMENT       ?XD?_WAIT_1US?DELAY
  C:2D3CH         SEGMENT       ?PR?_WAIT_1MS?DELAY
  X:0157H         SEGMENT       ?XD?_WAIT_1MS?DELAY
  C:2D76H         SEGMENT       ?PR?_WAIT_10MS?DELAY
  X:0278H         SEGMENT       ?XD?_WAIT_10MS?DELAY
  C:2D76H         PUBLIC        _WAIT_10MS
  C:2D3CH         PUBLIC        _WAIT_1MS
  C:2CC2H         PUBLIC        _WAIT_1US
  C:2CCFH         SYMBOL        ?C0001
  C:2CFEH         SYMBOL        ?C0004
  C:2D49H         SYMBOL        ?C0005
  C:2D75H         SYMBOL        ?C0008
  C:2D83H         SYMBOL        ?C0009
  C:2DAFH         SYMBOL        ?C0012
  C:2CFCH         SYMBOL        ?C0013
BL51 BANKED LINKER/LOCATER V6.22                                                      02/08/2010  21:50:55  PAGE 8


  C:2D73H         SYMBOL        ?C0014
  C:2DADH         SYMBOL        ?C0015
  X:0278H         SYMBOL        ?_WAIT_10MS?BYTE
  X:0157H         SYMBOL        ?_WAIT_1MS?BYTE
  X:015BH         SYMBOL        ?_WAIT_1US?BYTE
  X:015BH         SYMBOL        CNT?040
  X:0157H         SYMBOL        CNT?142
  X:0278H         SYMBOL        CNT?244
  N:0000H         SYMBOL        DELAY
  X:015DH         SYMBOL        I?041
  X:0159H         SYMBOL        I?143
  X:027AH         SYMBOL        I?245
  C:2CC2H         LINE#         50
  C:2CC5H         LINE#         51
  C:2CC6H         LINE#         52
  C:2CC7H         LINE#         53
  C:2CC8H         LINE#         54
  C:2CC9H         LINE#         55
  C:2CCAH         LINE#         62
  C:2CCBH         LINE#         63
  C:2CCCH         LINE#         64
  C:2CCDH         LINE#         65
  C:2CCEH         LINE#         66
  C:2CCFH         LINE#         68
  C:2CD2H         LINE#         69
  C:2CD3H         LINE#         70
  C:2CD4H         LINE#         71
  C:2CD5H         LINE#         72
  C:2CD6H         LINE#         73
  C:2CD7H         LINE#         74
  C:2CD8H         LINE#         75
  C:2CDBH         LINE#         76
  C:2CDCH         LINE#         77
  C:2CDDH         LINE#         78
  C:2CE0H         LINE#         79
  C:2CE1H         LINE#         80
  C:2CE2H         LINE#         81
  C:2CE4H         LINE#         84
  C:2CE5H         LINE#         86
  C:2CE6H         LINE#         88
  C:2CE7H         LINE#         90
  C:2CE8H         LINE#         92
  C:2CE9H         LINE#         94
  C:2CEAH         LINE#         96
  C:2CEBH         LINE#         98
  C:2CECH         LINE#         100
  C:2CEDH         LINE#         102
  C:2CEEH         LINE#         106
  C:2CF1H         LINE#         107
  C:2CF2H         LINE#         108
  C:2CF3H         LINE#         109
  C:2CF4H         LINE#         110
  C:2CF6H         LINE#         111
  C:2CF9H         LINE#         112
  C:2CFAH         LINE#         113
  C:2CFBH         LINE#         114
  C:2CFCH         LINE#         116
BL51 BANKED LINKER/LOCATER V6.22                                                      02/08/2010  21:50:55  PAGE 9


  C:2CFEH         LINE#         120
  C:2D3CH         LINE#         134
  C:2D3FH         LINE#         135
  C:2D40H         LINE#         136
  C:2D41H         LINE#         137
  C:2D42H         LINE#         138
  C:2D43H         LINE#         139
  C:2D44H         LINE#         146
  C:2D45H         LINE#         147
  C:2D46H         LINE#         148
  C:2D47H         LINE#         149
  C:2D48H         LINE#         150
  C:2D49H         LINE#         152
  C:2D4CH         LINE#         153
  C:2D4DH         LINE#         154
  C:2D4EH         LINE#         155
  C:2D4FH         LINE#         156
  C:2D50H         LINE#         157
  C:2D51H         LINE#         158
  C:2D52H         LINE#         159
  C:2D55H         LINE#         160
  C:2D56H         LINE#         161
  C:2D57H         LINE#         162
  C:2D5AH         LINE#         163
  C:2D5BH         LINE#         164
  C:2D5CH         LINE#         165
  C:2D5EH         LINE#         166
  C:2D60H         LINE#         167
  C:2D62H         LINE#         168
  C:2D65H         LINE#         169
  C:2D68H         LINE#         170
  C:2D69H         LINE#         171
  C:2D6AH         LINE#         172
  C:2D6BH         LINE#         173
  C:2D6DH         LINE#         174
  C:2D70H         LINE#         175
  C:2D71H         LINE#         176
  C:2D72H         LINE#         177
  C:2D73H         LINE#         179
  C:2D75H         LINE#         183
  C:2D76H         LINE#         193
  C:2D79H         LINE#         194
  C:2D7AH         LINE#         195
  C:2D7BH         LINE#         196
  C:2D7CH         LINE#         197
  C:2D7DH         LINE#         198
  C:2D7EH         LINE#         204
  C:2D7FH         LINE#         205
  C:2D80H         LINE#         206
  C:2D81H         LINE#         207
  C:2D82H         LINE#         208
  C:2D83H         LINE#         210
  C:2D86H         LINE#         211
  C:2D87H         LINE#         212
  C:2D88H         LINE#         213
  C:2D89H         LINE#         214
  C:2D8AH         LINE#         215
BL51 BANKED LINKER/LOCATER V6.22                                                      02/08/2010  21:50:55  PAGE 10


  C:2D8BH         LINE#         216
  C:2D8CH         LINE#         217
  C:2D8FH         LINE#         218
  C:2D90H         LINE#         219
  C:2D91H         LINE#         220
  C:2D94H         LINE#         221
  C:2D95H         LINE#         222
  C:2D96H         LINE#         223
  C:2D98H         LINE#         224
  C:2D9AH         LINE#         225
  C:2D9CH         LINE#         226
  C:2D9FH         LINE#         227
  C:2DA2H         LINE#         228
  C:2DA3H         LINE#         229
  C:2DA4H         LINE#         230
  C:2DA5H         LINE#         231
  C:2DA7H         LINE#         232
  C:2DAAH         LINE#         233
  C:2DABH         LINE#         234
  C:2DACH         LINE#         235
  C:2DADH         LINE#         237
  C:2DAFH         LINE#         241
  -------         ENDMOD        DELAY

  -------         MODULE        MAIN
  C:0000H         SYMBOL        _ICE_DUMMY_
  X:008BH         PUBLIC        RMASK
  D:0080H         PUBLIC        P0
  X:009BH         SYMBOL        SMASK
  D:0090H         PUBLIC        P1
  D:00A0H         PUBLIC        P2
  D:00B0H         PUBLIC        P3
  B:00A8H.7       PUBLIC        EA
  D:00A8H         PUBLIC        IE
  X:00ABH         SYMBOL        RSIZE
  X:00BBH         SYMBOL        SSIZE
  X:00CBH         SYMBOL        I_STATUS
  D:00B8H         PUBLIC        IP
  C:2DB0H         PUBLIC        main
  X:00D3H         PUBLIC        mac
  D:0098H         PUBLIC        SCON
  D:0088H         PUBLIC        TCON
  D:00F0H         PUBLIC        B
  C:20ADH         SYMBOL        _?ix1000
  C:20B5H         SYMBOL        _?ix1001
  C:2C45H         PUBLIC        Init_iMCU
  D:00E0H         PUBLIC        ACC
  D:00E8H         PUBLIC        EIE
  D:0092H         PUBLIC        WTST
  D:0091H         PUBLIC        EIF
  X:00D9H         SYMBOL        RBUFBASEADDRESS
  X:00E9H         SYMBOL        SBUFBASEADDRESS
  X:00F9H         PUBLIC        ip
  X:00FDH         PUBLIC        gw
  D:00F8H         PUBLIC        EIP
  X:0101H         PUBLIC        sn
  C:0767H         PUBLIC        Init_Network
BL51 BANKED LINKER/LOCATER V6.22                                                      02/08/2010  21:50:55  PAGE 11


  B:00E8H.3       PUBLIC        EINT5
  D:00C8H         PUBLIC        T2CON
  D:008EH         PUBLIC        CKCON
  D:00D0H         PUBLIC        PSW
  D:00D8H         PUBLIC        WDCON
  -------         PROC          MAIN
  C:2DB0H         LINE#         30
  C:2DB0H         LINE#         31
  C:2DB0H         LINE#         32
  C:2DB3H         LINE#         34
  C:2DB6H         LINE#         35
  C:2DB9H         LINE#         36
  C:2DC4H         LINE#         37
  C:2DC7H         LINE#         40
  C:2DD0H         LINE#         42
  C:2DDBH         LINE#         44
  C:2DE4H         LINE#         46
  -------         ENDPROC       MAIN
  -------         PROC          INIT_IMCU
  -------         DO            
  X:012FH         SYMBOL        i
  -------         ENDDO         
  C:2C45H         LINE#         50
  C:2C45H         LINE#         51
  C:2C45H         LINE#         54
  C:2C47H         LINE#         55
  C:2C4AH         LINE#         56
  C:2C4DH         LINE#         58
  C:2C56H         LINE#         59
  C:2C7CH         LINE#         60
  C:2C7EH         LINE#         62
  C:2C81H         LINE#         63
  C:2C83H         LINE#         64
  -------         ENDPROC       INIT_IMCU
  -------         PROC          INIT_NETWORK
  -------         DO            
  X:012FH         SYMBOL        str
  X:0140H         SYMBOL        txsize
  X:0148H         SYMBOL        rxsize
  -------         ENDDO         
  C:0767H         LINE#         66
  C:0767H         LINE#         67
  C:0767H         LINE#         71
  C:077AH         LINE#         72
  C:078DH         LINE#         77
  C:0799H         LINE#         78
  C:07A5H         LINE#         79
  C:07B1H         LINE#         80
  C:07BDH         LINE#         83
  C:07C9H         LINE#         84
  C:07D5H         LINE#         85
  C:07E1H         LINE#         86
  C:07EDH         LINE#         88
  C:07F9H         LINE#         89
  C:0805H         LINE#         90
  C:0811H         LINE#         91
  C:081DH         LINE#         93
BL51 BANKED LINKER/LOCATER V6.22                                                      02/08/2010  21:50:55  PAGE 12


  C:0829H         LINE#         94
  C:0835H         LINE#         95
  C:0841H         LINE#         96
  C:084DH         LINE#         97
  C:0859H         LINE#         98
  C:0865H         LINE#         100
  C:087CH         LINE#         102
  C:0881H         LINE#         103
  C:0884H         LINE#         105
  C:088DH         LINE#         106
  C:0896H         LINE#         107
  C:089FH         LINE#         112
  C:0920H         LINE#         116
  C:0985H         LINE#         117
  C:099CH         LINE#         121
  C:0A01H         LINE#         123
  C:0A18H         LINE#         127
  C:0A7DH         LINE#         129
  C:0A94H         LINE#         132
  -------         ENDPROC       INIT_NETWORK
  -------         ENDMOD        MAIN

  -------         MODULE        SERIAL
  C:0000H         SYMBOL        _ICE_DUMMY_
  D:0080H         PUBLIC        P0
  D:0090H         PUBLIC        P1
  D:00A0H         PUBLIC        P2
  D:00B0H         PUBLIC        P3
  D:00A8H         PUBLIC        IE
  B:00A8H.4       PUBLIC        ES
  D:00B8H         PUBLIC        IP
  B:0098H.0       PUBLIC        RI
  B:0098H.1       PUBLIC        TI
  D:0099H         PUBLIC        SBUF
  D:0087H         PUBLIC        PCON
  D:0098H         PUBLIC        SCON
  D:0089H         PUBLIC        TMOD
  D:0088H         PUBLIC        TCON
  D:00F0H         PUBLIC        B
  D:00E0H         PUBLIC        ACC
  B:00A8H.3       PUBLIC        ET1
  D:008DH         PUBLIC        TH1
  D:00E8H         PUBLIC        EIE
  B:0088H.6       PUBLIC        TR1
  D:00F8H         PUBLIC        EIP
  D:00C8H         PUBLIC        T2CON
  C:2FD8H         PUBLIC        InitSerial
  D:00D0H         PUBLIC        PSW
  C:302FH         PUBLIC        _putchar
  D:00D8H         PUBLIC        WDCON
  -------         PROC          INITSERIAL
  C:2FD8H         LINE#         12
  C:2FD8H         LINE#         13
  C:2FD8H         LINE#         14
  C:2FDAH         LINE#         15
  C:2FDDH         LINE#         16
  C:2FE0H         LINE#         19
BL51 BANKED LINKER/LOCATER V6.22                                                      02/08/2010  21:50:55  PAGE 13


  C:2FE3H         LINE#         20
  C:2FE5H         LINE#         21
  C:2FE8H         LINE#         24
  C:2FEAH         LINE#         25
  C:2FECH         LINE#         26
  C:2FEEH         LINE#         27
  -------         ENDPROC       INITSERIAL
  -------         PROC          _PUTCHAR
  D:0007H         SYMBOL        c
  C:302FH         LINE#         41
  C:302FH         LINE#         42
  C:302FH         LINE#         44
  C:3031H         LINE#         46
  C:3034H         LINE#         47
  C:3036H         LINE#         48
  C:3036H         LINE#         49
  -------         ENDPROC       _PUTCHAR
  -------         ENDMOD        SERIAL

  -------         MODULE        SOCKET
  C:0000H         SYMBOL        _ICE_DUMMY_
  X:0178H         PUBLIC        RMASK
  D:0080H         PUBLIC        P0
  X:0188H         SYMBOL        SMASK
  D:0090H         PUBLIC        P1
  D:00A0H         PUBLIC        P2
  D:00B0H         PUBLIC        P3
  C:268FH         PUBLIC        _socket
  D:00A8H         PUBLIC        IE
  X:0198H         SYMBOL        RSIZE
  X:01A8H         SYMBOL        SSIZE
  X:01B8H         SYMBOL        I_STATUS
  C:1406H         PUBLIC        _sendto
  C:2C00H         PUBLIC        _listen
  C:2E4FH         PUBLIC        _close
  D:00B8H         PUBLIC        IP
  C:167DH         PUBLIC        _send
  C:2EDAH         PUBLIC        _disconnect
  C:2333H         PUBLIC        _recv
  D:0098H         PUBLIC        SCON
  D:0088H         PUBLIC        TCON
  X:01C0H         PUBLIC        local_port
  D:00F0H         PUBLIC        B
  D:00E0H         PUBLIC        ACC
  D:00E8H         PUBLIC        EIE
  X:01C2H         SYMBOL        RBUFBASEADDRESS
  X:01D2H         SYMBOL        SBUFBASEADDRESS
  D:00F8H         PUBLIC        EIP
  D:00C8H         PUBLIC        T2CON
  C:10FBH         PUBLIC        _recvfrom
  C:1CC7H         PUBLIC        _connect
  D:00D0H         PUBLIC        PSW
  D:00D8H         PUBLIC        WDCON
  -------         PROC          _SOCKET
  X:013DH         SYMBOL        s
  X:013EH         SYMBOL        protocol
  X:013FH         SYMBOL        port
BL51 BANKED LINKER/LOCATER V6.22                                                      02/08/2010  21:50:55  PAGE 14


  X:0141H         SYMBOL        flag
  -------         DO            
  X:0142H         SYMBOL        ret
  -------         ENDDO         
  C:268FH         LINE#         21
  C:26A1H         LINE#         27
  C:26A1H         LINE#         30
  C:26BDH         LINE#         31
  C:26BDH         LINE#         32
  C:26C5H         LINE#         33
  C:26E0H         LINE#         34
  C:26EAH         LINE#         35
  C:2704H         LINE#         36
  C:2714H         LINE#         37
  C:2716H         LINE#         38
  C:2724H         LINE#         39
  C:2742H         LINE#         40
  C:2758H         LINE#         41
  C:2758H         LINE#         42
  C:276AH         LINE#         43
  C:277DH         LINE#         44
  C:2783H         LINE#         45
  C:2785H         LINE#         46
  C:278AH         LINE#         48
  C:278FH         LINE#         50
  -------         ENDPROC       _SOCKET
  -------         PROC          _CLOSE
  X:0143H         SYMBOL        s
  C:2E4FH         LINE#         56
  C:2E54H         LINE#         57
  C:2E54H         LINE#         58
  C:2E62H         LINE#         59
  C:2E75H         LINE#         60
  -------         ENDPROC       _CLOSE
  -------         PROC          _LISTEN
  X:0282H         SYMBOL        s
  -------         DO            
  X:0283H         SYMBOL        ret
  -------         ENDDO         
  C:2C00H         LINE#         68
  C:2C05H         LINE#         69
  C:2C05H         LINE#         72
  C:2C0DH         LINE#         73
  C:2C0DH         LINE#         74
  C:2C1FH         LINE#         75
  C:2C32H         LINE#         76
  C:2C38H         LINE#         77
  C:2C3AH         LINE#         78
  C:2C3FH         LINE#         80
  C:2C44H         LINE#         81
  -------         ENDPROC       _LISTEN
  -------         PROC          _CONNECT
  X:0271H         SYMBOL        s
  X:0272H         SYMBOL        addr
  X:0275H         SYMBOL        port
  -------         DO            
  X:0277H         SYMBOL        ret
BL51 BANKED LINKER/LOCATER V6.22                                                      02/08/2010  21:50:55  PAGE 15


  -------         ENDDO         
  C:1CC7H         LINE#         90
  C:1CD5H         LINE#         91
  C:1CD5H         LINE#         95
  C:1D32H         LINE#         100
  C:1D32H         LINE#         101
  C:1D37H         LINE#         102
  C:1D3AH         LINE#         104
  C:1D3AH         LINE#         105
  C:1D40H         LINE#         107
  C:1D5DH         LINE#         108
  C:1D7DH         LINE#         109
  C:1D9DH         LINE#         110
  C:1DBDH         LINE#         111
  C:1DDBH         LINE#         112
  C:1DF1H         LINE#         113
  C:1E03H         LINE#         114
  C:1E16H         LINE#         115
  C:1E16H         LINE#         117
  C:1E1BH         LINE#         118
  -------         ENDPROC       _CONNECT
  -------         PROC          _DISCONNECT
  X:0284H         SYMBOL        s
  C:2EDAH         LINE#         125
  C:2EDFH         LINE#         126
  C:2EDFH         LINE#         127
  C:2EEDH         LINE#         128
  C:2F00H         LINE#         129
  -------         ENDPROC       _DISCONNECT
  -------         PROC          _SEND
  X:025BH         SYMBOL        s
  X:025CH         SYMBOL        buf
  X:025FH         SYMBOL        len
  -------         DO            
  D:0007H         SYMBOL        status
  X:0261H         SYMBOL        ptr
  X:0263H         SYMBOL        freesize
  X:0265H         SYMBOL        ret
  -------         ENDDO         
  C:167DH         LINE#         136
  C:168BH         LINE#         141
  C:168BH         LINE#         142
  C:168CH         LINE#         143
  C:1692H         LINE#         144
  C:1696H         LINE#         145
  C:169AH         LINE#         147
  C:16D7H         LINE#         148
  C:16DFH         LINE#         152
  C:16DFH         LINE#         153
  C:16EFH         LINE#         154
  C:16F7H         LINE#         155
  C:1701H         LINE#         156
  C:1701H         LINE#         157
  C:1708H         LINE#         158
  C:170AH         LINE#         159
  C:170AH         LINE#         160
  C:171FH         LINE#         163
BL51 BANKED LINKER/LOCATER V6.22                                                      02/08/2010  21:50:55  PAGE 16


  C:1737H         LINE#         164
  C:175FH         LINE#         167
  C:1790H         LINE#         170
  C:17A4H         LINE#         171
  C:17C2H         LINE#         172
  C:17D8H         LINE#         175
  C:17EAH         LINE#         176
  C:17FDH         LINE#         179
  C:1811H         LINE#         180
  C:1811H         LINE#         181
  C:1824H         LINE#         182
  C:1824H         LINE#         183
  C:182CH         LINE#         184
  C:1830H         LINE#         185
  C:1830H         LINE#         186
  C:1830H         LINE#         187
  C:1842H         LINE#         189
  C:184AH         LINE#         190
  -------         ENDPROC       _SEND
  -------         PROC          _RECV
  X:0267H         SYMBOL        s
  X:0268H         SYMBOL        buf
  X:026BH         SYMBOL        len
  -------         DO            
  X:026DH         SYMBOL        ptr
  X:026FH         SYMBOL        ret
  -------         ENDDO         
  C:2333H         LINE#         199
  C:2341H         LINE#         204
  C:2341H         LINE#         205
  C:2348H         LINE#         206
  C:234CH         LINE#         208
  C:235EH         LINE#         209
  C:235EH         LINE#         211
  C:2376H         LINE#         212
  C:239EH         LINE#         215
  C:23D6H         LINE#         218
  C:23EAH         LINE#         219
  C:2408H         LINE#         220
  C:241EH         LINE#         223
  C:2430H         LINE#         224
  C:2443H         LINE#         226
  C:2452H         LINE#         227
  C:2452H         LINE#         229
  C:245AH         LINE#         230
  -------         ENDPROC       _RECV
  -------         PROC          _SENDTO
  X:0152H         SYMBOL        s
  X:0153H         SYMBOL        buf
  X:0156H         SYMBOL        len
  X:0158H         SYMBOL        addr
  X:015BH         SYMBOL        port
  -------         DO            
  X:015DH         SYMBOL        ret
  X:015FH         SYMBOL        ptr
  -------         ENDDO         
  C:1406H         LINE#         238
BL51 BANKED LINKER/LOCATER V6.22                                                      02/08/2010  21:50:55  PAGE 17


  C:1414H         LINE#         245
  C:1414H         LINE#         246
  C:141BH         LINE#         247
  C:141FH         LINE#         249
  C:144BH         LINE#         250
  C:1450H         LINE#         252
  C:148CH         LINE#         257
  C:148CH         LINE#         258
  C:1493H         LINE#         259
  C:1496H         LINE#         261
  C:1496H         LINE#         262
  C:14AAH         LINE#         263
  C:14CCH         LINE#         264
  C:14EEH         LINE#         265
  C:1510H         LINE#         266
  C:152EH         LINE#         267
  C:1544H         LINE#         270
  C:155CH         LINE#         271
  C:1584H         LINE#         274
  C:15B5H         LINE#         277
  C:15C9H         LINE#         278
  C:15E7H         LINE#         279
  C:15FDH         LINE#         282
  C:160FH         LINE#         283
  C:1622H         LINE#         286
  C:1636H         LINE#         287
  C:1636H         LINE#         288
  C:1642H         LINE#         289
  C:1642H         LINE#         290
  C:164CH         LINE#         291
  C:165EH         LINE#         292
  C:1662H         LINE#         293
  C:1662H         LINE#         294
  C:1662H         LINE#         296
  C:1674H         LINE#         297
  C:1674H         LINE#         299
  C:167CH         LINE#         300
  -------         ENDPROC       _SENDTO
  -------         PROC          _RECVFROM
  X:013DH         SYMBOL        s
  X:013EH         SYMBOL        buf
  X:0141H         SYMBOL        len
  X:0143H         SYMBOL        addr
  X:0146H         SYMBOL        port
  -------         DO            
  X:0149H         SYMBOL        head
  X:0151H         SYMBOL        data_len
  X:0153H         SYMBOL        ptr
  -------         ENDDO         
  C:10FBH         LINE#         309
  C:1109H         LINE#         316
  C:1109H         LINE#         318
  C:1110H         LINE#         319
  C:1114H         LINE#         321
  C:1126H         LINE#         322
  C:1126H         LINE#         323
  C:113EH         LINE#         324
BL51 BANKED LINKER/LOCATER V6.22                                                      02/08/2010  21:50:55  PAGE 18


  C:1163H         LINE#         326
  C:118AH         LINE#         327
  C:118AH         LINE#         328
  C:118AH         LINE#         330
  C:11B7H         LINE#         331
  C:11C5H         LINE#         333
  C:11D9H         LINE#         334
  C:11F0H         LINE#         335
  C:11FAH         LINE#         336
  C:1204H         LINE#         337
  C:121AH         LINE#         338
  C:1239H         LINE#         339
  C:1246H         LINE#         340
  C:1252H         LINE#         342
  C:1252H         LINE#         343
  C:1252H         LINE#         345
  C:1252H         LINE#         346
  C:1252H         LINE#         348
  C:1255H         LINE#         350
  C:1255H         LINE#         351
  C:1282H         LINE#         352
  C:1290H         LINE#         354
  C:12A4H         LINE#         355
  C:12BBH         LINE#         356
  C:12C5H         LINE#         357
  C:12CFH         LINE#         358
  C:12DCH         LINE#         359
  C:12ECH         LINE#         361
  C:12ECH         LINE#         362
  C:12ECH         LINE#         364
  C:12ECH         LINE#         365
  C:12ECH         LINE#         367
  C:12EEH         LINE#         369
  C:12EEH         LINE#         370
  C:131BH         LINE#         371
  C:1329H         LINE#         373
  C:1336H         LINE#         374
  C:1350H         LINE#         376
  C:1390H         LINE#         377
  C:13A4H         LINE#         378
  C:13C2H         LINE#         379
  C:13D8H         LINE#         381
  C:13D8H         LINE#         383
  C:13D8H         LINE#         384
  C:13D8H         LINE#         385
  C:13D8H         LINE#         387
  C:13EAH         LINE#         388
  C:13FDH         LINE#         389
  C:13FDH         LINE#         391
  C:1405H         LINE#         392
  -------         ENDPROC       _RECVFROM
  -------         ENDMOD        SOCKET

  -------         MODULE        SOCKUTIL
  C:0000H         SYMBOL        _ICE_DUMMY_
  C:005AH         PUBLIC        _htons
  C:1B51H         PUBLIC        _checksum
BL51 BANKED LINKER/LOCATER V6.22                                                      02/08/2010  21:50:55  PAGE 19


  -------         PROC          _CHECKSUM
  X:024AH         SYMBOL        data_buf
  X:024DH         SYMBOL        len
  -------         DO            
  X:024FH         SYMBOL        sum
  X:0251H         SYMBOL        tsum
  X:0253H         SYMBOL        i
  X:0255H         SYMBOL        j
  X:0257H         SYMBOL        lsum
  -------         ENDDO         
  C:1B51H         LINE#         6
  C:1B62H         LINE#         8
  C:1B62H         LINE#         12
  C:1B74H         LINE#         14
  C:1B7CH         LINE#         16
  C:1B9BH         LINE#         17
  C:1B9BH         LINE#         18
  C:1BC1H         LINE#         19
  C:1BCAH         LINE#         20
  C:1BE0H         LINE#         21
  C:1C0BH         LINE#         22
  C:1C1FH         LINE#         24
  C:1C26H         LINE#         25
  C:1C26H         LINE#         26
  C:1C4EH         LINE#         27
  C:1C78H         LINE#         28
  C:1C78H         LINE#         31
  C:1C89H         LINE#         32
  C:1CC6H         LINE#         33
  C:1CC6H         LINE#         35
  -------         ENDPROC       _CHECKSUM
  -------         PROC          _HTONS
  D:0006H         SYMBOL        hostshort
  C:005AH         LINE#         38
  C:005AH         LINE#         39
  C:005AH         LINE#         48
  C:005AH         LINE#         50
  -------         ENDPROC       _HTONS
  -------         ENDMOD        SOCKUTIL

  -------         MODULE        TCPIPCORE
  C:0000H         SYMBOL        _ICE_DUMMY_
  C:3018H         PUBLIC        _getSn_IR
  X:01E2H         SYMBOL        RMASK
  D:0080H         PUBLIC        P0
  X:01F2H         SYMBOL        SMASK
  D:0090H         PUBLIC        P1
  D:00A0H         PUBLIC        P2
  D:00B0H         PUBLIC        P3
  C:2F4CH         PUBLIC        _IINCHIP_READ
  B:00A8H.7       PUBLIC        EA
  C:2FEFH         PUBLIC        _getSn_SR
  C:2F87H         PUBLIC        _setSn_IR
  D:00A8H         PUBLIC        IE
  X:0202H         SYMBOL        RSIZE
  X:0212H         SYMBOL        SSIZE
  X:0222H         SYMBOL        I_STATUS
BL51 BANKED LINKER/LOCATER V6.22                                                      02/08/2010  21:50:55  PAGE 20


  C:1E1CH         SYMBOL        iinchip_irq
  D:00B8H         PUBLIC        IP
  D:0093H         PUBLIC        DPX0
  C:184BH         PUBLIC        _IINCHIP_WRITE_BUF
  D:0098H         PUBLIC        SCON
  D:0088H         PUBLIC        TCON
  D:00F0H         PUBLIC        B
  C:19D6H         PUBLIC        _IINCHIP_READ_BUF
  D:00E0H         PUBLIC        ACC
  C:0A9FH         PUBLIC        _set_MEMsize
  D:00E8H         PUBLIC        EIE
  D:0091H         PUBLIC        EIF
  X:022AH         SYMBOL        RBUFBASEADDRESS
  X:023AH         SYMBOL        SBUFBASEADDRESS
  C:0003H         PUBLIC        _getSn_TX_FSR
  D:00F8H         PUBLIC        EIP
  C:2BB3H         PUBLIC        _getSn_RX_RSR
  D:00C8H         PUBLIC        T2CON
  C:2E94H         PUBLIC        _IINCHIP_WRITE
  D:00D0H         PUBLIC        PSW
  D:00D8H         PUBLIC        WDCON
  -------         PROC          L?0062
  -------         ENDPROC       L?0062
  -------         PROC          _IINCHIP_WRITE
  D:0006H         SYMBOL        addr
  D:0005H         SYMBOL        wizdata
  -------         DO            
  D:0004H         SYMBOL        tmpEA
  -------         ENDDO         
  C:2E94H         LINE#         26
  C:2E94H         LINE#         27
  C:2E94H         LINE#         30
  C:2E99H         LINE#         31
  C:2E9BH         LINE#         32
  C:2E9EH         LINE#         33
  C:2EA4H         LINE#         34
  C:2EA7H         LINE#         35
  C:2EAEH         LINE#         36
  -------         ENDPROC       _IINCHIP_WRITE
  C:2F47H         SYMBOL        L?0061
  -------         PROC          L?0060
  -------         ENDPROC       L?0060
  C:2F47H         SYMBOL        L?0061
  -------         PROC          _IINCHIP_READ
  D:0006H         SYMBOL        addr
  -------         DO            
  D:0006H         SYMBOL        wizdata
  D:0001H         SYMBOL        tmpEA
  -------         ENDDO         
  C:2F4CH         LINE#         42
  C:2F4CH         LINE#         43
  C:2F4CH         LINE#         47
  C:2F51H         LINE#         48
  C:2F53H         LINE#         49
  C:2F56H         LINE#         50
  C:2F5CH         LINE#         51
  C:2F5FH         LINE#         52
BL51 BANKED LINKER/LOCATER V6.22                                                      02/08/2010  21:50:55  PAGE 21


  C:2F66H         LINE#         53
  C:2F66H         LINE#         54
  -------         ENDPROC       _IINCHIP_READ
  -------         PROC          IINCHIP_IRQ
  -------         DO            
  X:0105H         SYMBOL        int_val
  X:0106H         SYMBOL        i
  D:0004H         SYMBOL        tmp_STATUS
  -------         ENDDO         
  C:1E1CH         LINE#         60
  C:1E39H         LINE#         66
  C:1E3BH         LINE#         67
  C:1E47H         LINE#         69
  C:1E4AH         LINE#         70
  C:1E4AH         LINE#         71
  C:1E58H         LINE#         72
  C:1E58H         LINE#         73
  C:1E60H         LINE#         74
  C:1E60H         LINE#         75
  C:1E6DH         LINE#         76
  C:1EACH         LINE#         77
  C:1ECFH         LINE#         78
  C:1ECFH         LINE#         79
  C:1EDBH         LINE#         81
  C:1EE5H         LINE#         82
  C:1EF2H         LINE#         83
  C:1EF2H         LINE#         84
  C:1F0CH         LINE#         85
  C:1F0CH         LINE#         86
  C:1F17H         LINE#         87
  C:1F2DH         LINE#         88
  C:1F3DH         LINE#         89
  C:1F3DH         LINE#         90
  C:1F45H         LINE#         91
  C:1F51H         LINE#         93
  C:1F54H         LINE#         94
  C:1F56H         LINE#         95
  -------         ENDPROC       IINCHIP_IRQ
  -------         PROC          _GETSN_IR
  D:0007H         SYMBOL        s
  C:3018H         LINE#         98
  C:3018H         LINE#         99
  C:3018H         LINE#         101
  C:3024H         LINE#         105
  -------         ENDPROC       _GETSN_IR
  -------         PROC          _SETSN_IR
  D:0007H         SYMBOL        s
  D:0005H         SYMBOL        val
  C:2F87H         LINE#         107
  C:2F87H         LINE#         108
  C:2F87H         LINE#         110
  C:2FA5H         LINE#         114
  -------         ENDPROC       _SETSN_IR
  -------         PROC          _SET_MEMSIZE
  X:0150H         SYMBOL        tx_size
  X:0153H         SYMBOL        rx_size
  -------         DO            
BL51 BANKED LINKER/LOCATER V6.22                                                      02/08/2010  21:50:55  PAGE 22


  X:0156H         SYMBOL        i
  X:0158H         SYMBOL        ssum
  X:015AH         SYMBOL        rsum
  -------         ENDDO         
  C:0A9FH         LINE#         126
  C:0AAAH         LINE#         127
  C:0AAAH         LINE#         131
  C:0AB1H         LINE#         132
  C:0AB5H         LINE#         134
  C:0ABEH         LINE#         135
  C:0AC7H         LINE#         137
  C:0ACDH         LINE#         138
  C:0ACDH         LINE#         139
  C:0ADFH         LINE#         140
  C:0AF1H         LINE#         142
  C:0B0DH         LINE#         143
  C:0B1BH         LINE#         145
  C:0B29H         LINE#         146
  C:0B29H         LINE#         147
  C:0B51H         LINE#         148
  C:0B51H         LINE#         149
  C:0B51H         LINE#         150
  C:0B6EH         LINE#         151
  C:0B7AH         LINE#         152
  C:0B7DH         LINE#         153
  C:0B7DH         LINE#         154
  C:0B9AH         LINE#         155
  C:0BA6H         LINE#         156
  C:0BA8H         LINE#         157
  C:0BA8H         LINE#         158
  C:0BC5H         LINE#         159
  C:0BD1H         LINE#         160
  C:0BD3H         LINE#         161
  C:0BD3H         LINE#         162
  C:0BF0H         LINE#         163
  C:0C01H         LINE#         164
  C:0C01H         LINE#         165
  C:0C01H         LINE#         166
  C:0C01H         LINE#         168
  C:0C0FH         LINE#         169
  C:0C0FH         LINE#         170
  C:0C3DH         LINE#         171
  C:0C3DH         LINE#         172
  C:0C3DH         LINE#         173
  C:0C54H         LINE#         174
  C:0C60H         LINE#         175
  C:0C63H         LINE#         176
  C:0C63H         LINE#         177
  C:0C80H         LINE#         178
  C:0C8CH         LINE#         179
  C:0C8EH         LINE#         180
  C:0C8EH         LINE#         181
  C:0CABH         LINE#         182
  C:0CB7H         LINE#         183
  C:0CB9H         LINE#         184
  C:0CB9H         LINE#         185
  C:0CD6H         LINE#         186
BL51 BANKED LINKER/LOCATER V6.22                                                      02/08/2010  21:50:55  PAGE 23


  C:0CE7H         LINE#         187
  C:0CE7H         LINE#         188
  C:0CE7H         LINE#         189
  C:0CE7H         LINE#         190
  C:0D10H         LINE#         191
  C:0D2BH         LINE#         193
  C:0D32H         LINE#         194
  C:0D32H         LINE#         195
  C:0D75H         LINE#         196
  C:0DB3H         LINE#         197
  C:0DB3H         LINE#         198
  C:0DD5H         LINE#         199
  -------         ENDPROC       _SET_MEMSIZE
  -------         PROC          _GETSN_SR
  D:0004H         SYMBOL        s
  -------         DO            
  D:0007H         SYMBOL        sr
  D:0003H         SYMBOL        sr1
  -------         ENDDO         
  C:2FEFH         LINE#         201
  C:2FF1H         LINE#         202
  C:2FF1H         LINE#         203
  C:2FF3H         LINE#         205
  C:2FF3H         LINE#         206
  C:2FF3H         LINE#         207
  C:2FFBH         LINE#         208
  C:2FFFH         LINE#         209
  C:3001H         LINE#         210
  C:3003H         LINE#         211
  C:3003H         LINE#         212
  -------         ENDPROC       _GETSN_SR
  -------         PROC          _GETSN_TX_FSR
  X:027CH         SYMBOL        s
  -------         DO            
  D:0002H         SYMBOL        val
  X:027DH         SYMBOL        val1
  -------         ENDDO         
  C:0003H         LINE#         220
  C:0008H         LINE#         221
  C:0008H         LINE#         222
  C:000BH         LINE#         223
  C:000FH         LINE#         225
  C:000FH         LINE#         226
  C:000FH         LINE#         227
  C:001EH         LINE#         228
  C:0035H         LINE#         229
  C:0041H         LINE#         230
  C:0049H         LINE#         231
  C:004BH         LINE#         232
  C:004FH         LINE#         233
  -------         ENDPROC       _GETSN_TX_FSR
  -------         PROC          _GETSN_RX_RSR
  X:013DH         SYMBOL        s
  -------         DO            
  D:0002H         SYMBOL        val
  X:013EH         SYMBOL        val1
  -------         ENDDO         
BL51 BANKED LINKER/LOCATER V6.22                                                      02/08/2010  21:50:55  PAGE 24


  C:2BB3H         LINE#         241
  C:2BB8H         LINE#         242
  C:2BB8H         LINE#         243
  C:2BBBH         LINE#         244
  C:2BBFH         LINE#         246
  C:2BBFH         LINE#         247
  C:2BBFH         LINE#         248
  C:2BCEH         LINE#         249
  C:2BE5H         LINE#         250
  C:2BF1H         LINE#         251
  C:2BF9H         LINE#         252
  C:2BFBH         LINE#         253
  C:2BFFH         LINE#         254
  -------         ENDPROC       _GETSN_RX_RSR
  -------         PROC          _IINCHIP_WRITE_BUF
  X:0161H         SYMBOL        s
  D:0001H         SYMBOL        src
  X:0165H         SYMBOL        dst
  X:0168H         SYMBOL        len
  -------         DO            
  X:016AH         SYMBOL        size
  D:0002H         SYMBOL        dst_mask
  X:016CH         SYMBOL        src_ptr
  X:016EH         SYMBOL        dst_ptr
  -------         ENDDO         
  C:184BH         LINE#         262
  C:1850H         LINE#         263
  C:1850H         LINE#         266
  C:185AH         LINE#         269
  C:187CH         LINE#         270
  C:1897H         LINE#         272
  C:18BCH         LINE#         273
  C:18BCH         LINE#         274
  C:18DFH         LINE#         275
  C:191FH         LINE#         276
  C:1933H         LINE#         277
  C:1946H         LINE#         278
  C:1961H         LINE#         279
  C:1991H         LINE#         280
  C:1993H         LINE#         281
  C:19D5H         LINE#         283
  -------         ENDPROC       _IINCHIP_WRITE_BUF
  -------         PROC          _IINCHIP_READ_BUF
  X:0155H         SYMBOL        s
  X:0156H         SYMBOL        src
  X:0159H         SYMBOL        dst
  X:015CH         SYMBOL        len
  -------         DO            
  X:015EH         SYMBOL        size
  D:0002H         SYMBOL        src_mask
  X:0160H         SYMBOL        src_ptr
  X:0162H         SYMBOL        dst_ptr
  -------         ENDDO         
  C:19D6H         LINE#         293
  C:19E4H         LINE#         294
  C:19E4H         LINE#         298
  C:19F3H         LINE#         301
BL51 BANKED LINKER/LOCATER V6.22                                                      02/08/2010  21:50:55  PAGE 25


  C:1A15H         LINE#         302
  C:1A30H         LINE#         304
  C:1A55H         LINE#         305
  C:1A55H         LINE#         306
  C:1A78H         LINE#         307
  C:1AAFH         LINE#         308
  C:1AC3H         LINE#         309
  C:1AD6H         LINE#         310
  C:1AF2H         LINE#         311
  C:1B15H         LINE#         312
  C:1B17H         LINE#         314
  C:1B17H         LINE#         315
  C:1B50H         LINE#         316
  C:1B50H         LINE#         318
  -------         ENDPROC       _IINCHIP_READ_BUF
  -------         ENDMOD        TCPIPCORE

  -------         MODULE        ?C_STARTUP
  C:294CH         SEGMENT       ?C_C51STARTUP
  I:0023H         SEGMENT       ?STACK
  C:0000H         PUBLIC        ?C_STARTUP
  D:00E0H         SYMBOL        ACC
  D:00F0H         SYMBOL        B
  D:0083H         SYMBOL        DPH
  D:0082H         SYMBOL        DPL
  N:0000H         SYMBOL        IBPSTACK
  N:0100H         SYMBOL        IBPSTACKTOP
  N:0080H         SYMBOL        IDATALEN
  C:2952H         SYMBOL        IDATALOOP
  N:0000H         SYMBOL        PBPSTACK
  N:0100H         SYMBOL        PBPSTACKTOP
  N:0000H         SYMBOL        PDATALEN
  N:0000H         SYMBOL        PDATASTART
  N:0000H         SYMBOL        PPAGE
  N:0000H         SYMBOL        PPAGEENABLE
  D:00A0H         SYMBOL        PPAGE_SFR
  D:0081H         SYMBOL        SP
  C:294CH         SYMBOL        STARTUP1
  N:0000H         SYMBOL        XBPSTACK
  N:0000H         SYMBOL        XBPSTACKTOP
  N:0000H         SYMBOL        XDATALEN
  N:0000H         SYMBOL        XDATASTART
  C:0000H         LINE#         126
  C:294CH         LINE#         131
  C:294FH         LINE#         134
  C:2951H         LINE#         135
  C:2952H         LINE#         136
  C:2953H         LINE#         137
  C:2955H         LINE#         186
  C:2958H         LINE#         197
  -------         ENDMOD        ?C_STARTUP

  -------         MODULE        LCD
  C:0000H         SYMBOL        _ICE_DUMMY_
  D:0080H         PUBLIC        P0
  D:0090H         PUBLIC        P1
  D:00A0H         PUBLIC        P2
BL51 BANKED LINKER/LOCATER V6.22                                                      02/08/2010  21:50:55  PAGE 26


  D:00B0H         PUBLIC        P3
  D:00A8H         PUBLIC        IE
  B:0080H.0       PUBLIC        P0_0
  B:0080H.1       PUBLIC        P0_1
  B:0080H.2       PUBLIC        P0_2
  B:00A0H.7       PUBLIC        P2_7
  D:00B8H         PUBLIC        IP
  C:2FBFH         PUBLIC        _lcd_datas
  C:2F67H         PUBLIC        _evb_set_lcd_text
  C:2EAFH         PUBLIC        lcd_ready
  D:0098H         PUBLIC        SCON
  D:0088H         PUBLIC        TCON
  D:00F0H         PUBLIC        B
  C:2DE6H         PUBLIC        _lcd_gotoxy
  D:00E0H         PUBLIC        ACC
  C:2F24H         PUBLIC        lcd_init
  D:00E8H         PUBLIC        EIE
  D:00F8H         PUBLIC        EIP
  C:2CFFH         PUBLIC        _lcd_puts
  D:00C8H         PUBLIC        T2CON
  C:2FA6H         PUBLIC        _lcd_command
  D:00D0H         PUBLIC        PSW
  D:00D8H         PUBLIC        WDCON
  -------         PROC          LCD_READY
  -------         DO            
  X:012FH         SYMBOL        cnt
  -------         ENDDO         
  C:2EAFH         LINE#         10
  C:2EAFH         LINE#         11
  C:2EAFH         LINE#         13
  C:2EB6H         LINE#         14
  C:2EB8H         LINE#         15
  C:2EBAH         LINE#         16
  C:2EBAH         LINE#         17
  C:2EBAH         LINE#         18
  C:2EBCH         LINE#         19
  C:2EBFH         LINE#         20
  C:2ED4H         LINE#         21
  C:2ED7H         LINE#         22
  C:2ED7H         LINE#         23
  C:2ED9H         LINE#         24
  -------         ENDPROC       LCD_READY
  -------         PROC          _LCD_COMMAND
  D:0007H         SYMBOL        Value
  C:2FA6H         LINE#         26
  C:2FA6H         LINE#         27
  C:2FA6H         LINE#         30
  C:2FA8H         LINE#         32
  C:2FAAH         LINE#         33
  C:2FACH         LINE#         35
  C:2FB3H         LINE#         36
  C:2FB5H         LINE#         37
  C:2FBCH         LINE#         38
  C:2FBEH         LINE#         42
  -------         ENDPROC       _LCD_COMMAND
  -------         PROC          _LCD_DATAS
  D:0007H         SYMBOL        ch
BL51 BANKED LINKER/LOCATER V6.22                                                      02/08/2010  21:50:55  PAGE 27


  C:2FBFH         LINE#         46
  C:2FBFH         LINE#         47
  C:2FBFH         LINE#         50
  C:2FC1H         LINE#         52
  C:2FC3H         LINE#         53
  C:2FC5H         LINE#         55
  C:2FCCH         LINE#         56
  C:2FCEH         LINE#         57
  C:2FD5H         LINE#         58
  C:2FD7H         LINE#         61
  -------         ENDPROC       _LCD_DATAS
  -------         PROC          LCD_INIT
  C:2F24H         LINE#         64
  C:2F24H         LINE#         65
  C:2F24H         LINE#         66
  C:2F26H         LINE#         67
  C:2F28H         LINE#         68
  C:2F2AH         LINE#         71
  C:2F2FH         LINE#         74
  C:2F34H         LINE#         75
  C:2F37H         LINE#         76
  C:2F3CH         LINE#         78
  C:2F3FH         LINE#         79
  C:2F44H         LINE#         82
  C:2F46H         LINE#         83
  -------         ENDPROC       LCD_INIT
  -------         PROC          _LCD_GOTOXY
  X:0153H         SYMBOL        x
  D:0005H         SYMBOL        y
  C:2DE6H         LINE#         86
  C:2DEBH         LINE#         87
  C:2DEBH         LINE#         88
  C:2DF9H         LINE#         89
  C:2DF9H         LINE#         90
  C:2E01H         LINE#         91
  C:2E09H         LINE#         92
  C:2E11H         LINE#         93
  C:2E1BH         LINE#         94
  C:2E1BH         LINE#         95
  -------         ENDPROC       _LCD_GOTOXY
  -------         PROC          _LCD_PUTS
  X:0153H         SYMBOL        str
  -------         DO            
  X:0156H         SYMBOL        i
  -------         ENDDO         
  C:2CFFH         LINE#         99
  C:2D0AH         LINE#         100
  C:2D0AH         LINE#         102
  C:2D25H         LINE#         104
  C:2D28H         LINE#         106
  C:2D30H         LINE#         107
  C:2D3BH         LINE#         108
  -------         ENDPROC       _LCD_PUTS
  -------         PROC          _EVB_SET_LCD_TEXT
  D:0007H         SYMBOL        row
  X:0150H         SYMBOL        lcd
  C:2F67H         LINE#         118
BL51 BANKED LINKER/LOCATER V6.22                                                      02/08/2010  21:50:55  PAGE 28


  C:2F72H         LINE#         119
  C:2F72H         LINE#         121
  C:2F79H         LINE#         122
  -------         ENDPROC       _EVB_SET_LCD_TEXT
  -------         ENDMOD        LCD

  -------         MODULE        ATAOE
  C:20BDH         SEGMENT       ?PR?_DUMPATAHDR?ATAOE
  X:014CH         SEGMENT       ?XD?_DUMPATAHDR?ATAOE
  C:2887H         SEGMENT       ?PR?_DUMPATAISSUE?ATAOE
  X:027FH         SEGMENT       ?XD?_DUMPATAISSUE?ATAOE
  C:2790H         SEGMENT       ?PR?_DUMPATACONFIG?ATAOE
  X:0149H         SEGMENT       ?XD?_DUMPATACONFIG?ATAOE
  C:3037H         SEGMENT       ?PR?_DUMPATAMACMASK?ATAOE
  C:303AH         SEGMENT       ?PR?_DUMPATARESERVERELEASE?ATAOE
  C:245BH         SEGMENT       ?PR?_SENDCONFIGACK?ATAOE
  X:013DH         SEGMENT       ?XD?_SENDCONFIGACK?ATAOE
  C:2A60H         SEGMENT       ?PR?_READREG8?ATAOE
  X:0000H         SEGMENT       ?XD?ATAOE
  X:0155H         SEGMENT       ?XD?_READREG8?ATAOE
  C:3004H         SEGMENT       ?PR?RESETBUS?ATAOE
  C:2E1CH         SEGMENT       ?PR?WAITBUSY?ATAOE
  X:0152H         SEGMENT       ?XD?WAITBUSY?ATAOE
  C:29DBH         SEGMENT       ?PR?_WRITEREG8?ATAOE
  X:0152H         SEGMENT       ?XD?_WRITEREG8?ATAOE
  C:2C84H         SEGMENT       ?PR?DUMPREGS?ATAOE
  X:0285H         SEGMENT       ?XD?DUMPREGS?ATAOE
  C:005EH         SEGMENT       ?PR?_ATAHANDLER?ATAOE
  X:013DH         SEGMENT       ?XD?_ATAHANDLER?ATAOE
  C:0050H         SEGMENT       ?PR?INIT_ATA_HARDWARE?ATAOE
  C:3025H         SEGMENT       ?PR?INIT_ATA?ATAOE
  C:257BH         SEGMENT       ?PR?_ATAOE?ATAOE
  X:012FH         SEGMENT       ?XD?_ATAOE?ATAOE
  C:2209H         SEGMENT       ?CO?ATAOE
  C:2F01H         SEGMENT       ?C_INITSEG
  X:006AH         PUBLIC        CONFIGRESP
  C:3025H         PUBLIC        INIT_ATA
  C:0050H         PUBLIC        INIT_ATA_HARDWARE
  C:257BH         PUBLIC        _ATAOE
  C:2578H         SYMBOL        ?C0006
  C:257AH         SYMBOL        ?C0007
  C:2ADBH         SYMBOL        ?C0009
  C:2E35H         SYMBOL        ?C0014
  C:2E25H         SYMBOL        ?C0016
  C:2E4EH         SYMBOL        ?C0018
  C:2C93H         SYMBOL        ?C0020
  C:2CB9H         SYMBOL        ?C0021
  C:00CAH         SYMBOL        ?C0024
  C:00F0H         SYMBOL        ?C0025
  C:010FH         SYMBOL        ?C0026
  C:0119H         SYMBOL        ?C0027
  C:0238H         SYMBOL        ?C0028
  C:01A4H         SYMBOL        ?C0030
  C:021BH         SYMBOL        ?C0031
  C:01B6H         SYMBOL        ?C0034
  C:02F5H         SYMBOL        ?C0035
  C:0254H         SYMBOL        ?C0037
BL51 BANKED LINKER/LOCATER V6.22                                                      02/08/2010  21:50:55  PAGE 29


  C:02EBH         SYMBOL        ?C0038
  C:0278H         SYMBOL        ?C0039
  C:0401H         SYMBOL        ?C0042
  C:302EH         SYMBOL        ?C0044
  C:2597H         SYMBOL        ?C0045
  C:25A8H         SYMBOL        ?C0048
  C:25C5H         SYMBOL        ?C0049
  C:263FH         SYMBOL        ?C0054
  C:2653H         SYMBOL        ?C0055
  C:2677H         SYMBOL        ?C0056
  C:2683H         SYMBOL        ?C0057
  C:0280H         SYMBOL        ?C0061
  C:2626H         SYMBOL        ?C0062
  C:0114H         SYMBOL        ?C0063
  C:00EDH         SYMBOL        ?C0064
  X:0285H         SYMBOL        ?DUMPREGS?BYTE
  C:2209H         SYMBOL        ?SC_0
  C:2279H         SYMBOL        ?SC_112
  C:2286H         SYMBOL        ?SC_125
  C:2293H         SYMBOL        ?SC_138
  C:22B7H         SYMBOL        ?SC_174
  C:22CDH         SYMBOL        ?SC_196
  C:22E3H         SYMBOL        ?SC_218
  C:22F4H         SYMBOL        ?SC_235
  C:2306H         SYMBOL        ?SC_253
  C:2310H         SYMBOL        ?SC_263
  C:2323H         SYMBOL        ?SC_282
  C:232AH         SYMBOL        ?SC_289
  C:2330H         SYMBOL        ?SC_295
  C:222EH         SYMBOL        ?SC_37
  C:2252H         SYMBOL        ?SC_73
  X:0152H         SYMBOL        ?WAITBUSY?BYTE
  X:013DH         SYMBOL        ?_ATAHANDLER?BYTE
  X:012FH         SYMBOL        ?_ATAOE?BYTE
  X:0149H         SYMBOL        ?_DUMPATACONFIG?BYTE
  X:014CH         SYMBOL        ?_DUMPATAHDR?BYTE
  X:027FH         SYMBOL        ?_DUMPATAISSUE?BYTE
  X:0155H         SYMBOL        ?_READREG8?BYTE
  X:013DH         SYMBOL        ?_SENDCONFIGACK?BYTE
  X:0152H         SYMBOL        ?_WRITEREG8?BYTE
  X:7000H         SYMBOL        AATA
  B:00D0H.6       SYMBOL        AC
  D:00E0H         SYMBOL        ACC
  B:00E0H.0       SYMBOL        ACC0
  B:00E0H.1       SYMBOL        ACC1
  B:00E0H.2       SYMBOL        ACC2
  B:00E0H.3       SYMBOL        ACC3
  B:00E0H.4       SYMBOL        ACC4
  B:00E0H.5       SYMBOL        ACC5
  B:00E0H.6       SYMBOL        ACC6
  B:00E0H.7       SYMBOL        ACC7
  N:0000H         SYMBOL        ATAOE
  D:00F0H         SYMBOL        B
  B:00F0H.0       SYMBOL        B0
  B:00F0H.1       SYMBOL        B1
  B:00F0H.2       SYMBOL        B2
  B:00F0H.3       SYMBOL        B3
BL51 BANKED LINKER/LOCATER V6.22                                                      02/08/2010  21:50:55  PAGE 30


  B:00F0H.4       SYMBOL        B4
  B:00F0H.5       SYMBOL        B5
  B:00F0H.6       SYMBOL        B6
  B:00F0H.7       SYMBOL        B7
  X:0143H         SYMBOL        BLK_CNT?1160
  X:0144H         SYMBOL        BLOCKS?1161
  X:0141H         SYMBOL        BYTE_CNT?1159
  D:00F5H         SYMBOL        CKCBK
  D:008EH         SYMBOL        CKCON
  B:00C8H.7       SYMBOL        CPRL2
  B:00C8H.6       SYMBOL        CT2
  B:00D0H.7       SYMBOL        CY
  D:0083H         SYMBOL        DPH
  D:0083H         SYMBOL        DPH0
  D:0085H         SYMBOL        DPH1
  D:0082H         SYMBOL        DPL
  D:0082H         SYMBOL        DPL0
  D:0084H         SYMBOL        DPL1
  D:0086H         SYMBOL        DPS
  D:00F9H         SYMBOL        DPSBK
  D:0082H         SYMBOL        DPTR0
  D:0084H         SYMBOL        DPTR1
  D:0093H         SYMBOL        DPX0
  D:00F6H         SYMBOL        DPX0BK
  D:0095H         SYMBOL        DPX1
  D:00F7H         SYMBOL        DPX1BK
  C:2C84H         SYMBOL        DUMPREGS
  B:00A8H.7       SYMBOL        EA
  D:00E8H         SYMBOL        EIE
  D:0091H         SYMBOL        EIF
  B:00E8H.0       SYMBOL        EINT2
  B:00E8H.1       SYMBOL        EINT3
  B:00E8H.3       SYMBOL        EINT5
  D:00F8H         SYMBOL        EIP
  B:00A8H.4       SYMBOL        ES
  B:00A8H.4       SYMBOL        ES0
  B:00A8H.1       SYMBOL        ET0
  B:00A8H.3       SYMBOL        ET1
  B:00A8H.5       SYMBOL        ET2
  B:00E8H.4       SYMBOL        EWDI
  B:00D8H.1       SYMBOL        EWT
  B:00A8H.0       SYMBOL        EX0
  B:00A8H.2       SYMBOL        EX1
  B:00C8H.4       SYMBOL        EXEN2
  B:00C8H.1       SYMBOL        EXF2
  B:00D0H.5       SYMBOL        F0
  B:00D0H.1       SYMBOL        F1
  X:0285H         SYMBOL        I?1056
  X:014DH         SYMBOL        I?1164
  X:0144H         SYMBOL        I?548
  X:0152H         SYMBOL        I?852
  X:0049H         SYMBOL        IDE_STATUS
  D:00A8H         SYMBOL        IE
  B:0088H.1       SYMBOL        IE0
  B:0088H.3       SYMBOL        IE1
  D:00B8H         SYMBOL        IP
  D:00F2H         SYMBOL        ISPADDR16
BL51 BANKED LINKER/LOCATER V6.22                                                      02/08/2010  21:50:55  PAGE 31


  D:00F4H         SYMBOL        ISPDATA
  D:00F1H         SYMBOL        ISPID
  B:0088H.0       SYMBOL        IT0
  B:0088H.2       SYMBOL        IT1
  X:0041H         SYMBOL        I_STATUS
  X:014EH         SYMBOL        J?1165
  X:0154H         SYMBOL        J?853
  C:29DBH         SYMBOL        L?0065
  C:20BDH         SYMBOL        L?0066
  X:0137H         SYMBOL        LEN?1471
  X:0145H         SYMBOL        M?1162
  X:0130H         SYMBOL        MAC?1468
  X:0139H         SYMBOL        MAC_DESTIP?1472
  X:0135H         SYMBOL        MAC_DESTPORT?1470
  D:00EAH         SYMBOL        MXAX
  B:00D0H.2       SYMBOL        OV
  B:00D0H.0       SYMBOL        P
  D:0080H         SYMBOL        P0
  B:0080H.0       SYMBOL        P0_0
  B:0080H.1       SYMBOL        P0_1
  B:0080H.2       SYMBOL        P0_2
  B:0080H.3       SYMBOL        P0_3
  B:0080H.4       SYMBOL        P0_4
  B:0080H.5       SYMBOL        P0_5
  B:0080H.6       SYMBOL        P0_6
  B:0080H.7       SYMBOL        P0_7
  D:0090H         SYMBOL        P1
  B:0090H.0       SYMBOL        P1_0
  B:0090H.1       SYMBOL        P1_1
  B:0090H.2       SYMBOL        P1_2
  B:0090H.3       SYMBOL        P1_3
  B:0090H.4       SYMBOL        P1_4
  B:0090H.5       SYMBOL        P1_5
  B:0090H.6       SYMBOL        P1_6
  B:0090H.7       SYMBOL        P1_7
  D:00A0H         SYMBOL        P2
  B:00A0H.0       SYMBOL        P2_0
  B:00A0H.1       SYMBOL        P2_1
  B:00A0H.2       SYMBOL        P2_2
  B:00A0H.3       SYMBOL        P2_3
  B:00A0H.4       SYMBOL        P2_4
  B:00A0H.5       SYMBOL        P2_5
  B:00A0H.6       SYMBOL        P2_6
  B:00A0H.7       SYMBOL        P2_7
  D:00B0H         SYMBOL        P3
  B:00B0H.0       SYMBOL        P3_0
  B:00B0H.1       SYMBOL        P3_1
  B:00B0H.2       SYMBOL        P3_2
  B:00B0H.3       SYMBOL        P3_3
  B:00B0H.4       SYMBOL        P3_4
  B:00B0H.5       SYMBOL        P3_5
  B:00B0H.6       SYMBOL        P3_6
  B:00B0H.7       SYMBOL        P3_7
  X:014CH         SYMBOL        P?040
  X:014FH         SYMBOL        P?1166
  X:027FH         SYMBOL        P?141
  X:0149H         SYMBOL        P?242
BL51 BANKED LINKER/LOCATER V6.22                                                      02/08/2010  21:50:55  PAGE 32


  D:0087H         SYMBOL        PCON
  B:00F8H.0       SYMBOL        PINT2
  B:00F8H.1       SYMBOL        PINT3
  B:00F8H.3       SYMBOL        PINT5
  B:00B8H.4       SYMBOL        PS
  B:00B8H.4       SYMBOL        PS0
  D:00D0H         SYMBOL        PSW
  B:00B8H.1       SYMBOL        PT0
  B:00B8H.3       SYMBOL        PT1
  B:00F8H.4       SYMBOL        PWDI
  B:00B8H.0       SYMBOL        PX0
  B:00B8H.2       SYMBOL        PX1
  D:00FAH         SYMBOL        RAMBA16
  D:00FCH         SYMBOL        RAMEA16
  B:0098H.2       SYMBOL        RB8
  X:004AH         SYMBOL        RBUFBASEADDRESS
  B:00C8H.2       SYMBOL        RCLK
  X:0155H         SYMBOL        REG?650
  X:0152H         SYMBOL        REG?954
  B:0098H.4       SYMBOL        REN
  X:0141H         SYMBOL        REQ?547
  C:3004H         SYMBOL        RESETBUS
  B:0098H.0       SYMBOL        RI
  D:00CBH         SYMBOL        RLDH
  D:00CAH         SYMBOL        RLDL
  X:0133H         SYMBOL        RLEN?1469
  X:0001H         SYMBOL        RMASK
  B:00D0H.3       SYMBOL        RS0
  B:00D0H.4       SYMBOL        RS1
  X:0021H         SYMBOL        RSIZE
  B:00D8H.0       SYMBOL        RWT
  X:013DH         SYMBOL        S?1157
  X:012FH         SYMBOL        S?1467
  X:013DH         SYMBOL        S?545
  D:0099H         SYMBOL        SBUF
  D:0099H         SYMBOL        SBUF0
  X:005AH         SYMBOL        SBUFBASEADDRESS
  D:0098H         SYMBOL        SCON
  B:0098H.7       SYMBOL        SM0
  B:0098H.6       SYMBOL        SM1
  B:0098H.5       SYMBOL        SM2
  X:0011H         SYMBOL        SMASK
  D:0081H         SYMBOL        SP
  X:013EH         SYMBOL        SRC_MAC?1158
  X:013EH         SYMBOL        SRC_MAC?546
  X:0031H         SYMBOL        SSIZE
  D:00C8H         SYMBOL        T2CON
  X:0000H         SYMBOL        T?651
  D:00C7H         SYMBOL        TA
  B:0098H.3       SYMBOL        TB8
  B:00C8H.3       SYMBOL        TCLK
  D:0088H         SYMBOL        TCON
  B:0088H.5       SYMBOL        TF0
  B:0088H.7       SYMBOL        TF1
  B:00C8H.0       SYMBOL        TF2
  D:008CH         SYMBOL        TH0
  D:008DH         SYMBOL        TH1
BL51 BANKED LINKER/LOCATER V6.22                                                      02/08/2010  21:50:55  PAGE 33


  D:00CDH         SYMBOL        TH2
  B:0098H.1       SYMBOL        TI
  X:0149H         SYMBOL        TIP?1163
  X:0145H         SYMBOL        TIP?549
  D:008AH         SYMBOL        TL0
  D:008BH         SYMBOL        TL1
  D:00CCH         SYMBOL        TL2
  D:0089H         SYMBOL        TMOD
  D:00FAH         SYMBOL        TMPR0
  D:00FBH         SYMBOL        TMPR1
  D:00FCH         SYMBOL        TMPR2
  D:00FDH         SYMBOL        TMPR3
  B:0088H.4       SYMBOL        TR0
  B:0088H.6       SYMBOL        TR1
  B:00C8H.5       SYMBOL        TR2
  C:2E1CH         SYMBOL        WAITBUSY
  D:00FFH         SYMBOL        WCONF
  D:00D8H         SYMBOL        WDCON
  B:00D8H.3       SYMBOL        WDIF
  B:00D8H.2       SYMBOL        WTRF
  D:0092H         SYMBOL        WTST
  X:0153H         SYMBOL        X?955
  C:005EH         SYMBOL        _ATAHANDLER
  C:2790H         SYMBOL        _DUMPATACONFIG
  C:20C5H         SYMBOL        _DUMPATAHDR
  C:2887H         SYMBOL        _DUMPATAISSUE
  C:3037H         SYMBOL        _DUMPATAMACMASK
  C:303AH         SYMBOL        _DUMPATARESERVERELEASE
  C:2A60H         SYMBOL        _READREG8
  C:245BH         SYMBOL        _SENDCONFIGACK
  C:29E0H         SYMBOL        _WRITEREG8
  C:20BDH         LINE#         453
  C:20BEH         LINE#         454
  C:20BFH         LINE#         455
  C:20C0H         LINE#         456
  C:20C1H         LINE#         457
  C:20C2H         LINE#         458
  C:20C3H         LINE#         459
  C:20C4H         LINE#         460
  C:20C5H         LINE#         464
  C:20C8H         LINE#         465
  C:20C9H         LINE#         466
  C:20CAH         LINE#         467
  C:20CBH         LINE#         468
  C:20CCH         LINE#         469
  C:20CDH         LINE#         470
  C:20CEH         LINE#         471
  C:20CFH         LINE#         472
  C:20D0H         LINE#         478
  C:20D3H         LINE#         479
  C:20D4H         LINE#         480
  C:20D5H         LINE#         481
  C:20D6H         LINE#         482
  C:20D7H         LINE#         483
  C:20D8H         LINE#         484
  C:20D9H         LINE#         485
  C:20DAH         LINE#         486
BL51 BANKED LINKER/LOCATER V6.22                                                      02/08/2010  21:50:55  PAGE 34


  C:20DBH         LINE#         487
  C:20DEH         LINE#         488
  C:20DFH         LINE#         489
  C:20E2H         LINE#         490
  C:20E3H         LINE#         491
  C:20E4H         LINE#         492
  C:20E5H         LINE#         493
  C:20E6H         LINE#         494
  C:20E7H         LINE#         495
  C:20EAH         LINE#         496
  C:20EDH         LINE#         497
  C:20EEH         LINE#         498
  C:20F1H         LINE#         499
  C:20F2H         LINE#         500
  C:20F3H         LINE#         501
  C:20F4H         LINE#         502
  C:20F5H         LINE#         503
  C:20F6H         LINE#         504
  C:20F9H         LINE#         505
  C:20FCH         LINE#         506
  C:20FDH         LINE#         507
  C:2100H         LINE#         508
  C:2101H         LINE#         509
  C:2102H         LINE#         510
  C:2103H         LINE#         511
  C:2104H         LINE#         512
  C:2105H         LINE#         513
  C:2108H         LINE#         514
  C:210BH         LINE#         515
  C:210CH         LINE#         516
  C:210FH         LINE#         517
  C:2110H         LINE#         518
  C:2111H         LINE#         519
  C:2112H         LINE#         520
  C:2113H         LINE#         521
  C:2114H         LINE#         522
  C:2117H         LINE#         523
  C:211AH         LINE#         524
  C:211BH         LINE#         525
  C:211EH         LINE#         526
  C:211FH         LINE#         527
  C:2120H         LINE#         528
  C:2121H         LINE#         529
  C:2122H         LINE#         530
  C:2123H         LINE#         531
  C:2126H         LINE#         532
  C:2129H         LINE#         533
  C:212AH         LINE#         534
  C:212DH         LINE#         535
  C:212EH         LINE#         536
  C:212FH         LINE#         537
  C:2130H         LINE#         538
  C:2131H         LINE#         539
  C:2132H         LINE#         540
  C:2134H         LINE#         541
  C:2136H         LINE#         542
  C:2138H         LINE#         543
BL51 BANKED LINKER/LOCATER V6.22                                                      02/08/2010  21:50:55  PAGE 35


  C:213BH         LINE#         548
  C:213EH         LINE#         549
  C:213FH         LINE#         550
  C:2140H         LINE#         551
  C:2141H         LINE#         552
  C:2142H         LINE#         553
  C:2143H         LINE#         554
  C:2144H         LINE#         555
  C:2145H         LINE#         556
  C:2146H         LINE#         557
  C:2149H         LINE#         558
  C:214CH         LINE#         559
  C:214DH         LINE#         560
  C:2150H         LINE#         561
  C:2151H         LINE#         562
  C:2152H         LINE#         563
  C:2153H         LINE#         564
  C:2154H         LINE#         565
  C:2155H         LINE#         566
  C:2158H         LINE#         567
  C:215BH         LINE#         568
  C:215CH         LINE#         569
  C:215FH         LINE#         570
  C:2160H         LINE#         571
  C:2161H         LINE#         572
  C:2162H         LINE#         573
  C:2163H         LINE#         574
  C:2164H         LINE#         575
  C:2167H         LINE#         576
  C:216AH         LINE#         577
  C:216BH         LINE#         578
[...]
  C:0275H         LINE#         2400
  C:0276H         LINE#         2401
  C:0277H         LINE#         2402
  C:0278H         LINE#         2404
  C:027BH         LINE#         2405
  C:027CH         LINE#         2406
  C:027EH         LINE#         2407
  C:027FH         LINE#         2408
  C:0280H         LINE#         2410
  C:0282H         LINE#         2417
  C:0285H         LINE#         2421
  C:0287H         LINE#         2422
  C:0289H         LINE#         2423
  C:028CH         LINE#         2427
  C:028FH         LINE#         2431
  C:0291H         LINE#         2432
  C:0293H         LINE#         2433
  C:0296H         LINE#         2458
  C:0299H         LINE#         2459
BL51 BANKED LINKER/LOCATER V6.22                                                      02/08/2010  21:50:55  PAGE 54


  C:029AH         LINE#         2460
  C:029BH         LINE#         2461
  C:029CH         LINE#         2462
  C:029DH         LINE#         2463
  C:02A0H         LINE#         2464
  C:02A3H         LINE#         2465
  C:02A5H         LINE#         2466
  C:02A6H         LINE#         2467
  C:02A8H         LINE#         2468
  C:02ABH         LINE#         2471
  C:02AEH         LINE#         2472
  C:02AFH         LINE#         2473
  C:02B0H         LINE#         2474
  C:02B1H         LINE#         2475
  C:02B2H         LINE#         2476
  C:02B5H         LINE#         2477
  C:02B8H         LINE#         2478
  C:02BAH         LINE#         2479
  C:02BBH         LINE#         2480
  C:02BDH         LINE#         2481
  C:02C0H         LINE#         2485
  C:02C2H         LINE#         2486
  C:02C4H         LINE#         2487
  C:02C7H         LINE#         2491
  C:02CAH         LINE#         2495
  C:02CCH         LINE#         2496
  C:02CEH         LINE#         2497
  C:02D1H         LINE#         2502
  C:02D4H         LINE#         2506
  C:02D6H         LINE#         2507
  C:02D8H         LINE#         2508
  C:02DBH         LINE#         2512
  C:02DEH         LINE#         2513
  C:02DFH         LINE#         2514
  C:02E1H         LINE#         2515
  C:02E2H         LINE#         2516
  C:02E5H         LINE#         2517
  C:02E6H         LINE#         2518
  C:02E8H         LINE#         2519
  C:02E9H         LINE#         2520
  C:02EBH         LINE#         2528
  C:02EEH         LINE#         2532
  C:02F0H         LINE#         2533
  C:02F2H         LINE#         2534
  C:02F5H         LINE#         2561
  C:02F7H         LINE#         2562
  C:02FAH         LINE#         2563
  C:02FDH         LINE#         2564
  C:02FEH         LINE#         2565
  C:02FFH         LINE#         2568
  C:0301H         LINE#         2569
  C:0304H         LINE#         2570
  C:0307H         LINE#         2571
  C:0308H         LINE#         2572
  C:0309H         LINE#         2575
  C:030BH         LINE#         2576
  C:030EH         LINE#         2577
BL51 BANKED LINKER/LOCATER V6.22                                                      02/08/2010  21:50:55  PAGE 55


  C:0311H         LINE#         2578
  C:0312H         LINE#         2579
  C:0313H         LINE#         2582
  C:0315H         LINE#         2583
  C:0318H         LINE#         2584
  C:031BH         LINE#         2585
  C:031CH         LINE#         2586
  C:031DH         LINE#         2589
  C:031FH         LINE#         2590
  C:0322H         LINE#         2591
  C:0325H         LINE#         2592
  C:0326H         LINE#         2593
  C:0327H         LINE#         2596
  C:0329H         LINE#         2597
  C:032CH         LINE#         2598
  C:032FH         LINE#         2599
  C:0330H         LINE#         2600
  C:0331H         LINE#         2604
  C:0334H         LINE#         2605
  C:0336H         LINE#         2606
  C:0337H         LINE#         2610
  C:033AH         LINE#         2611
  C:033BH         LINE#         2612
  C:033CH         LINE#         2613
  C:033DH         LINE#         2614
  C:033EH         LINE#         2615
  C:033FH         LINE#         2618
  C:0340H         LINE#         2619
  C:0341H         LINE#         2620
  C:0342H         LINE#         2623
  C:0345H         LINE#         2624
  C:0347H         LINE#         2625
  C:0348H         LINE#         2626
  C:0349H         LINE#         2627
  C:034BH         LINE#         2628
  C:034CH         LINE#         2632
  C:034FH         LINE#         2633
  C:0350H         LINE#         2634
  C:0353H         LINE#         2635
  C:0354H         LINE#         2638
  C:0357H         LINE#         2639
  C:0358H         LINE#         2640
  C:035BH         LINE#         2641
  C:035CH         LINE#         2644
  C:035FH         LINE#         2645
  C:0360H         LINE#         2646
  C:0363H         LINE#         2647
  C:0364H         LINE#         2650
  C:0367H         LINE#         2651
  C:0368H         LINE#         2652
  C:036BH         LINE#         2653
  C:036CH         LINE#         2656
  C:036FH         LINE#         2657
  C:0370H         LINE#         2658
  C:0373H         LINE#         2659
  C:0374H         LINE#         2662
  C:0377H         LINE#         2663
BL51 BANKED LINKER/LOCATER V6.22                                                      02/08/2010  21:50:55  PAGE 56


  C:0378H         LINE#         2664
  C:037BH         LINE#         2665
  C:037CH         LINE#         2669
  C:037FH         LINE#         2670
  C:0380H         LINE#         2671
  C:0381H         LINE#         2672
  C:0382H         LINE#         2673
  C:0383H         LINE#         2674
  C:0384H         LINE#         2675
  C:0385H         LINE#         2676
  C:0386H         LINE#         2677
  C:0387H         LINE#         2678
  C:038AH         LINE#         2679
  C:038DH         LINE#         2680
  C:038EH         LINE#         2683
  C:0391H         LINE#         2684
  C:0394H         LINE#         2685
  C:0397H         LINE#         2686
  C:0398H         LINE#         2689
  C:039BH         LINE#         2690
  C:039EH         LINE#         2691
  C:03A1H         LINE#         2692
  C:03A2H         LINE#         2695
  C:03A5H         LINE#         2696
  C:03A8H         LINE#         2697
  C:03ABH         LINE#         2698
  C:03ACH         LINE#         2701
  C:03AFH         LINE#         2702
  C:03B2H         LINE#         2703
  C:03B5H         LINE#         2704
  C:03B6H         LINE#         2707
  C:03B9H         LINE#         2708
  C:03BCH         LINE#         2709
  C:03BFH         LINE#         2710
  C:03C0H         LINE#         2717
  C:03C3H         LINE#         2718
  C:03C4H         LINE#         2719
  C:03C6H         LINE#         2720
  C:03C7H         LINE#         2721
  C:03C8H         LINE#         2722
  C:03CAH         LINE#         2723
  C:03CBH         LINE#         2724
  C:03CCH         LINE#         2725
  C:03CDH         LINE#         2726
  C:03CEH         LINE#         2727
  C:03D1H         LINE#         2728
  C:03D2H         LINE#         2729
  C:03D3H         LINE#         2730
  C:03D4H         LINE#         2731
  C:03D5H         LINE#         2732
  C:03D6H         LINE#         2733
  C:03D7H         LINE#         2737
  C:03DAH         LINE#         2738
  C:03DBH         LINE#         2739
  C:03DCH         LINE#         2740
  C:03DFH         LINE#         2741
  C:03E0H         LINE#         2742
BL51 BANKED LINKER/LOCATER V6.22                                                      02/08/2010  21:50:55  PAGE 57


  C:03E1H         LINE#         2743
  C:03E2H         LINE#         2744
  C:03E3H         LINE#         2745
  C:03E4H         LINE#         2746
  C:03E5H         LINE#         2747
  C:03E7H         LINE#         2748
  C:03E8H         LINE#         2749
  C:03E9H         LINE#         2750
  C:03EBH         LINE#         2751
  C:03ECH         LINE#         2752
  C:03EDH         LINE#         2753
  C:03EFH         LINE#         2754
  C:03F0H         LINE#         2755
  C:03F1H         LINE#         2756
  C:03F3H         LINE#         2757
  C:03F4H         LINE#         2758
  C:03F5H         LINE#         2759
  C:03F7H         LINE#         2760
  C:03F8H         LINE#         2761
  C:03FAH         LINE#         2762
  C:03FCH         LINE#         2763
  C:03FEH         LINE#         2764
  C:0401H         LINE#         2769
  C:0050H         LINE#         2785
  C:0053H         LINE#         2788
  C:0056H         LINE#         2793
  C:0059H         LINE#         2797
  C:3025H         LINE#         2813
  C:3028H         LINE#         2817
  C:302BH         LINE#         2821
  C:302EH         LINE#         2826
  C:257BH         LINE#         2837
  C:257EH         LINE#         2838
  C:257FH         LINE#         2839
  C:2580H         LINE#         2840
  C:2581H         LINE#         2841
  C:2582H         LINE#         2842
  C:2583H         LINE#         2843
  C:2584H         LINE#         2844
  C:2585H         LINE#         2845
  C:2586H         LINE#         2846
  C:2587H         LINE#         2847
  C:2588H         LINE#         2848
  C:2589H         LINE#         2853
  C:258AH         LINE#         2854
  C:258BH         LINE#         2855
  C:258CH         LINE#         2856
  C:258DH         LINE#         2857
  C:258EH         LINE#         2861
  C:2591H         LINE#         2862
  C:2592H         LINE#         2863
  C:2593H         LINE#         2864
  C:2594H         LINE#         2869
  C:2597H         LINE#         2878
  C:259AH         LINE#         2879
  C:259BH         LINE#         2880
  C:259CH         LINE#         2881
BL51 BANKED LINKER/LOCATER V6.22                                                      02/08/2010  21:50:55  PAGE 58


  C:259FH         LINE#         2882
  C:25A0H         LINE#         2883
  C:25A2H         LINE#         2884
  C:25A4H         LINE#         2885
  C:25A6H         LINE#         2886
  C:25A8H         LINE#         2894
  C:25ABH         LINE#         2895
  C:25ACH         LINE#         2896
  C:25ADH         LINE#         2897
  C:25B0H         LINE#         2900
  C:25B3H         LINE#         2901
  C:25B4H         LINE#         2902
  C:25B5H         LINE#         2903
  C:25B6H         LINE#         2904
  C:25B9H         LINE#         2905
  C:25BAH         LINE#         2906
  C:25BCH         LINE#         2907
  C:25BEH         LINE#         2908
  C:25C0H         LINE#         2909
  C:25C3H         LINE#         2912
  C:25C5H         LINE#         2920
  C:25C8H         LINE#         2921
  C:25C9H         LINE#         2922
  C:25CAH         LINE#         2923
  C:25CDH         LINE#         2924
  C:25D0H         LINE#         2925
  C:25D1H         LINE#         2926
  C:25D2H         LINE#         2927
  C:25D3H         LINE#         2928
  C:25D4H         LINE#         2929
  C:25D5H         LINE#         2930
  C:25D6H         LINE#         2931
  C:25D8H         LINE#         2932
  C:25D9H         LINE#         2933
  C:25DBH         LINE#         2934
  C:25DDH         LINE#         2940
  C:25E0H         LINE#         2941
  C:25E1H         LINE#         2942
  C:25E2H         LINE#         2943
  C:25E5H         LINE#         2944
  C:25E6H         LINE#         2945
  C:25E7H         LINE#         2946
  C:25E8H         LINE#         2947
  C:25E9H         LINE#         2948
  C:25ECH         LINE#         2949
  C:25EDH         LINE#         2950
  C:25EEH         LINE#         2951
  C:25EFH         LINE#         2952
  C:25F0H         LINE#         2953
  C:25F1H         LINE#         2954
  C:25F2H         LINE#         2955
  C:25F4H         LINE#         2956
  C:25F5H         LINE#         2957
  C:25F6H         LINE#         2958
  C:25F8H         LINE#         2959
  C:25F9H         LINE#         2960
  C:25FAH         LINE#         2961
BL51 BANKED LINKER/LOCATER V6.22                                                      02/08/2010  21:50:55  PAGE 59


  C:25FCH         LINE#         2962
  C:25FDH         LINE#         2963
  C:25FEH         LINE#         2964
  C:2600H         LINE#         2965
  C:2601H         LINE#         2966
  C:2602H         LINE#         2967
  C:2604H         LINE#         2968
  C:2605H         LINE#         2969
  C:2606H         LINE#         2970
  C:2608H         LINE#         2971
  C:2609H         LINE#         2972
  C:260BH         LINE#         2973
  C:260DH         LINE#         2974
  C:260FH         LINE#         2975
  C:2612H         LINE#         2976
  C:2615H         LINE#         2977
  C:2616H         LINE#         2978
  C:2617H         LINE#         2979
  C:2618H         LINE#         2980
  C:2619H         LINE#         2981
  C:261AH         LINE#         2985
  C:261DH         LINE#         2986
  C:261EH         LINE#         2987
  C:2620H         LINE#         2988
  C:2622H         LINE#         2989
  C:2623H         LINE#         2990
  C:2624H         LINE#         2991
  C:2626H         LINE#         2993
  C:2628H         LINE#         2994
  C:262BH         LINE#         2999
  C:262EH         LINE#         3000
  C:262FH         LINE#         3001
  C:2630H         LINE#         3002
  C:2632H         LINE#         3003
  C:2633H         LINE#         3004
  C:2635H         LINE#         3005
  C:2636H         LINE#         3006
  C:2638H         LINE#         3007
  C:263AH         LINE#         3008
  C:263CH         LINE#         3009
  C:263FH         LINE#         3021
  C:2642H         LINE#         3022
  C:2643H         LINE#         3023
  C:2644H         LINE#         3024
  C:2645H         LINE#         3025
  C:2646H         LINE#         3026
  C:2647H         LINE#         3027
  C:2648H         LINE#         3028
  C:2649H         LINE#         3029
  C:264AH         LINE#         3030
  C:264BH         LINE#         3031
  C:264CH         LINE#         3032
  C:264DH         LINE#         3033
  C:2650H         LINE#         3036
  C:2653H         LINE#         3043
  C:2656H         LINE#         3044
  C:2657H         LINE#         3045
BL51 BANKED LINKER/LOCATER V6.22                                                      02/08/2010  21:50:55  PAGE 60


  C:2658H         LINE#         3046
  C:265BH         LINE#         3047
  C:265DH         LINE#         3048
  C:265EH         LINE#         3049
  C:265FH         LINE#         3050
  C:2661H         LINE#         3051
  C:2662H         LINE#         3052
  C:2663H         LINE#         3053
  C:2665H         LINE#         3054
  C:2666H         LINE#         3055
  C:2669H         LINE#         3056
  C:266AH         LINE#         3057
  C:266BH         LINE#         3058
  C:266CH         LINE#         3059
  C:266DH         LINE#         3060
  C:266EH         LINE#         3061
  C:266FH         LINE#         3062
  C:2670H         LINE#         3063
  C:2671H         LINE#         3064
  C:2674H         LINE#         3067
  C:2677H         LINE#         3073
  C:2679H         LINE#         3074
  C:267BH         LINE#         3075
  C:267DH         LINE#         3076
  C:2680H         LINE#         3079
  C:2683H         LINE#         3085
  C:2685H         LINE#         3086
  C:2687H         LINE#         3087
  C:2689H         LINE#         3088
  C:268CH         LINE#         3091
  -------         ENDMOD        ATAOE

  -------         MODULE        ?C?COPY
  C:0EA6H         PUBLIC        ?C?COPY
  -------         ENDMOD        ?C?COPY

  -------         MODULE        ?C?CLDPTR
  C:0ECCH         PUBLIC        ?C?CLDPTR
  -------         ENDMOD        ?C?CLDPTR

  -------         MODULE        ?C?CLDOPTR
  C:0EE5H         PUBLIC        ?C?CLDOPTR
  -------         ENDMOD        ?C?CLDOPTR

  -------         MODULE        ?C?CSTPTR
  C:0F12H         PUBLIC        ?C?CSTPTR
  -------         ENDMOD        ?C?CSTPTR

  -------         MODULE        ?C?CSTOPTR
  C:0F24H         PUBLIC        ?C?CSTOPTR
  -------         ENDMOD        ?C?CSTOPTR

  -------         MODULE        ?C?IILDX
  C:0F46H         PUBLIC        ?C?IILDX
  -------         ENDMOD        ?C?IILDX

  -------         MODULE        ?C?ILDIX
BL51 BANKED LINKER/LOCATER V6.22                                                      02/08/2010  21:50:55  PAGE 61


  C:0F5CH         PUBLIC        ?C?ILDIX
  -------         ENDMOD        ?C?ILDIX

  -------         MODULE        ?C?ILDPTR
  C:0F72H         PUBLIC        ?C?ILDPTR
  -------         ENDMOD        ?C?ILDPTR

  -------         MODULE        ?C?ILDOPTR
  C:0F9DH         PUBLIC        ?C?ILDOPTR
  -------         ENDMOD        ?C?ILDOPTR

  -------         MODULE        ?C?ISTPTR
  C:0FD5H         PUBLIC        ?C?ISTPTR
  -------         ENDMOD        ?C?ISTPTR

  -------         MODULE        ?C?LNOT
  C:0FF4H         PUBLIC        ?C?LNOT
  -------         ENDMOD        ?C?LNOT

  -------         MODULE        ?C?ULSHR
  C:1001H         PUBLIC        ?C?ULSHR
  -------         ENDMOD        ?C?ULSHR

  -------         MODULE        ?C?LLDOPTR
  C:1014H         PUBLIC        ?C?LLDOPTR
  -------         ENDMOD        ?C?LLDOPTR

  -------         MODULE        ?C?LSTXDATA
  C:1044H         PUBLIC        ?C?LSTXDATA
  -------         ENDMOD        ?C?LSTXDATA

  -------         MODULE        ?C?LSTKXDATA
  C:1050H         PUBLIC        ?C?LSTKXDATA
  -------         ENDMOD        ?C?LSTKXDATA

  -------         MODULE        PRINTF
  X:0150H         PUBLIC        ?_PRINTF517?BYTE
  X:0150H         PUBLIC        ?_PRINTF?BYTE
  X:0150H         PUBLIC        ?_SPRINTF517?BYTE
  X:0150H         PUBLIC        ?_SPRINTF?BYTE
  C:046DH         PUBLIC        _PRINTF
  C:046DH         PUBLIC        _PRINTF517
  C:0467H         PUBLIC        _SPRINTF
  C:0467H         PUBLIC        _SPRINTF517
  -------         ENDMOD        PRINTF

  -------         MODULE        ?C?LLDIDATA
  C:1081H         PUBLIC        ?C?LLDIDATA
  -------         ENDMOD        ?C?LLDIDATA

  -------         MODULE        ?C?LLDXDATA
  C:108DH         PUBLIC        ?C?LLDXDATA
  -------         ENDMOD        ?C?LLDXDATA

  -------         MODULE        ?C?LLDPDATA
  C:1099H         PUBLIC        ?C?LLDPDATA
  -------         ENDMOD        ?C?LLDPDATA
BL51 BANKED LINKER/LOCATER V6.22                                                      02/08/2010  21:50:55  PAGE 62



  -------         MODULE        ?C?LLDCODE
  C:10A5H         PUBLIC        ?C?LLDCODE
  -------         ENDMOD        ?C?LLDCODE

  -------         MODULE        ?C?PLDIXDATA
  C:10B5H         PUBLIC        ?C?PLDIXDATA
  -------         ENDMOD        ?C?PLDIXDATA

  -------         MODULE        ?C?PSTXDATA
  C:10CCH         PUBLIC        ?C?PSTXDATA
  -------         ENDMOD        ?C?PSTXDATA

  -------         MODULE        ?C?CCASE
  C:10D5H         PUBLIC        ?C?CCASE
  -------         ENDMOD        ?C?CCASE

*** WARNING L16: UNCALLED SEGMENT, IGNORED FOR OVERLAY PROCESS
    SEGMENT: ?PR?_WAIT_10MS?DELAY

*** WARNING L16: UNCALLED SEGMENT, IGNORED FOR OVERLAY PROCESS
    SEGMENT: ?PR?_LISTEN?SOCKET

*** WARNING L16: UNCALLED SEGMENT, IGNORED FOR OVERLAY PROCESS
    SEGMENT: ?PR?_CONNECT?SOCKET

*** WARNING L16: UNCALLED SEGMENT, IGNORED FOR OVERLAY PROCESS
    SEGMENT: ?PR?_DISCONNECT?SOCKET

*** WARNING L16: UNCALLED SEGMENT, IGNORED FOR OVERLAY PROCESS
    SEGMENT: ?PR?_SEND?SOCKET

*** WARNING L16: UNCALLED SEGMENT, IGNORED FOR OVERLAY PROCESS
    SEGMENT: ?PR?_RECV?SOCKET

*** WARNING L16: UNCALLED SEGMENT, IGNORED FOR OVERLAY PROCESS
    SEGMENT: ?PR?_CHECKSUM?SOCKUTIL

*** WARNING L16: UNCALLED SEGMENT, IGNORED FOR OVERLAY PROCESS
    SEGMENT: ?PR?_DUMPATAISSUE?ATAOE

*** WARNING L16: UNCALLED SEGMENT, IGNORED FOR OVERLAY PROCESS
    SEGMENT: ?PR?DUMPREGS?ATAOE

*** WARNING L15: MULTIPLE CALL TO SEGMENT
    SEGMENT: ?PR?PRINTF?PRINTF
    CALLER1: ?PR?IINCHIP_IRQ?TCPIPCORE
    CALLER2: ?C_C51STARTUP

Program Size: data=27.2 xdata=1706 code=12349
LINK/LOCATE RUN COMPLETE.  10 WARNING(S),  0 ERROR(S)
